Archive member included to satisfy reference by file (symbol)

E:/CubeIDE/STM32CubeIDE_1.16.1/STM32CubeIDE/plugins/com.st.stm32cube.ide.mcu.externaltools.gnu-tools-for-stm32.12.3.rel1.win32_1.0.200.202406191623/tools/bin/../lib/gcc/arm-none-eabi/12.3.1/../../../../arm-none-eabi/lib/thumb/v7e-m+dp/hard\libc_nano.a(libc_a-exit.o)
                              E:/CubeIDE/STM32CubeIDE_1.16.1/STM32CubeIDE/plugins/com.st.stm32cube.ide.mcu.externaltools.gnu-tools-for-stm32.12.3.rel1.win32_1.0.200.202406191623/tools/bin/../lib/gcc/arm-none-eabi/12.3.1/../../../../arm-none-eabi/lib/thumb/v7e-m+dp/hard/crt0.o (exit)
E:/CubeIDE/STM32CubeIDE_1.16.1/STM32CubeIDE/plugins/com.st.stm32cube.ide.mcu.externaltools.gnu-tools-for-stm32.12.3.rel1.win32_1.0.200.202406191623/tools/bin/../lib/gcc/arm-none-eabi/12.3.1/../../../../arm-none-eabi/lib/thumb/v7e-m+dp/hard\libc_nano.a(libc_a-findfp.o)
                              ./Middlewares/Third_Party/FreeRTOS/Source/tasks.o (__sf)
E:/CubeIDE/STM32CubeIDE_1.16.1/STM32CubeIDE/plugins/com.st.stm32cube.ide.mcu.externaltools.gnu-tools-for-stm32.12.3.rel1.win32_1.0.200.202406191623/tools/bin/../lib/gcc/arm-none-eabi/12.3.1/../../../../arm-none-eabi/lib/thumb/v7e-m+dp/hard\libc_nano.a(libc_a-fwalk.o)
                              E:/CubeIDE/STM32CubeIDE_1.16.1/STM32CubeIDE/plugins/com.st.stm32cube.ide.mcu.externaltools.gnu-tools-for-stm32.12.3.rel1.win32_1.0.200.202406191623/tools/bin/../lib/gcc/arm-none-eabi/12.3.1/../../../../arm-none-eabi/lib/thumb/v7e-m+dp/hard\libc_nano.a(libc_a-findfp.o) (_fwalk_sglue)
E:/CubeIDE/STM32CubeIDE_1.16.1/STM32CubeIDE/plugins/com.st.stm32cube.ide.mcu.externaltools.gnu-tools-for-stm32.12.3.rel1.win32_1.0.200.202406191623/tools/bin/../lib/gcc/arm-none-eabi/12.3.1/../../../../arm-none-eabi/lib/thumb/v7e-m+dp/hard\libc_nano.a(libc_a-stdio.o)
                              E:/CubeIDE/STM32CubeIDE_1.16.1/STM32CubeIDE/plugins/com.st.stm32cube.ide.mcu.externaltools.gnu-tools-for-stm32.12.3.rel1.win32_1.0.200.202406191623/tools/bin/../lib/gcc/arm-none-eabi/12.3.1/../../../../arm-none-eabi/lib/thumb/v7e-m+dp/hard\libc_nano.a(libc_a-findfp.o) (__sread)
E:/CubeIDE/STM32CubeIDE_1.16.1/STM32CubeIDE/plugins/com.st.stm32cube.ide.mcu.externaltools.gnu-tools-for-stm32.12.3.rel1.win32_1.0.200.202406191623/tools/bin/../lib/gcc/arm-none-eabi/12.3.1/../../../../arm-none-eabi/lib/thumb/v7e-m+dp/hard\libc_nano.a(libc_a-memset.o)
                              E:/CubeIDE/STM32CubeIDE_1.16.1/STM32CubeIDE/plugins/com.st.stm32cube.ide.mcu.externaltools.gnu-tools-for-stm32.12.3.rel1.win32_1.0.200.202406191623/tools/bin/../lib/gcc/arm-none-eabi/12.3.1/../../../../arm-none-eabi/lib/thumb/v7e-m+dp/hard/crt0.o (memset)
E:/CubeIDE/STM32CubeIDE_1.16.1/STM32CubeIDE/plugins/com.st.stm32cube.ide.mcu.externaltools.gnu-tools-for-stm32.12.3.rel1.win32_1.0.200.202406191623/tools/bin/../lib/gcc/arm-none-eabi/12.3.1/../../../../arm-none-eabi/lib/thumb/v7e-m+dp/hard\libc_nano.a(libc_a-closer.o)
                              E:/CubeIDE/STM32CubeIDE_1.16.1/STM32CubeIDE/plugins/com.st.stm32cube.ide.mcu.externaltools.gnu-tools-for-stm32.12.3.rel1.win32_1.0.200.202406191623/tools/bin/../lib/gcc/arm-none-eabi/12.3.1/../../../../arm-none-eabi/lib/thumb/v7e-m+dp/hard\libc_nano.a(libc_a-stdio.o) (_close_r)
E:/CubeIDE/STM32CubeIDE_1.16.1/STM32CubeIDE/plugins/com.st.stm32cube.ide.mcu.externaltools.gnu-tools-for-stm32.12.3.rel1.win32_1.0.200.202406191623/tools/bin/../lib/gcc/arm-none-eabi/12.3.1/../../../../arm-none-eabi/lib/thumb/v7e-m+dp/hard\libc_nano.a(libc_a-reent.o)
                              ./Middlewares/Third_Party/FreeRTOS/Source/tasks.o (_reclaim_reent)
E:/CubeIDE/STM32CubeIDE_1.16.1/STM32CubeIDE/plugins/com.st.stm32cube.ide.mcu.externaltools.gnu-tools-for-stm32.12.3.rel1.win32_1.0.200.202406191623/tools/bin/../lib/gcc/arm-none-eabi/12.3.1/../../../../arm-none-eabi/lib/thumb/v7e-m+dp/hard\libc_nano.a(libc_a-impure.o)
                              ./Middlewares/Third_Party/FreeRTOS/Source/tasks.o (_impure_ptr)
E:/CubeIDE/STM32CubeIDE_1.16.1/STM32CubeIDE/plugins/com.st.stm32cube.ide.mcu.externaltools.gnu-tools-for-stm32.12.3.rel1.win32_1.0.200.202406191623/tools/bin/../lib/gcc/arm-none-eabi/12.3.1/../../../../arm-none-eabi/lib/thumb/v7e-m+dp/hard\libc_nano.a(libc_a-lseekr.o)
                              E:/CubeIDE/STM32CubeIDE_1.16.1/STM32CubeIDE/plugins/com.st.stm32cube.ide.mcu.externaltools.gnu-tools-for-stm32.12.3.rel1.win32_1.0.200.202406191623/tools/bin/../lib/gcc/arm-none-eabi/12.3.1/../../../../arm-none-eabi/lib/thumb/v7e-m+dp/hard\libc_nano.a(libc_a-stdio.o) (_lseek_r)
E:/CubeIDE/STM32CubeIDE_1.16.1/STM32CubeIDE/plugins/com.st.stm32cube.ide.mcu.externaltools.gnu-tools-for-stm32.12.3.rel1.win32_1.0.200.202406191623/tools/bin/../lib/gcc/arm-none-eabi/12.3.1/../../../../arm-none-eabi/lib/thumb/v7e-m+dp/hard\libc_nano.a(libc_a-readr.o)
[...]
Memory Configuration

Name             Origin             Length             Attributes
FLASH            0x08000000         0x00200000         xr
DTCMRAM          0x20000000         0x00020000         xrw
RAM_D1           0x24000000         0x00080000         xrw
RAM_D2           0x30000000         0x00048000         xrw
RAM_D3           0x38000000         0x00010000         xrw
ITCMRAM          0x00000000         0x00010000         xrw
*default*        0x00000000         0xffffffff

Linker script and memory map

LOAD E:/CubeIDE/STM32CubeIDE_1.16.1/STM32CubeIDE/plugins/com.st.stm32cube.ide.mcu.externaltools.gnu-tools-for-stm32.12.3.rel1.win32_1.0.200.202406191623/tools/bin/../lib/gcc/arm-none-eabi/12.3.1/thumb/v7e-m+dp/hard/crti.o
LOAD E:/CubeIDE/STM32CubeIDE_1.16.1/STM32CubeIDE/plugins/com.st.stm32cube.ide.mcu.externaltools.gnu-tools-for-stm32.12.3.rel1.win32_1.0.200.202406191623/tools/bin/../lib/gcc/arm-none-eabi/12.3.1/thumb/v7e-m+dp/hard/crtbegin.o
LOAD E:/CubeIDE/STM32CubeIDE_1.16.1/STM32CubeIDE/plugins/com.st.stm32cube.ide.mcu.externaltools.gnu-tools-for-stm32.12.3.rel1.win32_1.0.200.202406191623/tools/bin/../lib/gcc/arm-none-eabi/12.3.1/../../../../arm-none-eabi/lib/thumb/v7e-m+dp/hard/crt0.o
LOAD ./Core/Src/freertos.o
LOAD ./Core/Src/main.o
LOAD ./Core/Src/motor_control.o
LOAD ./Core/Src/stm32h7xx_hal_msp.o
LOAD ./Core/Src/stm32h7xx_hal_timebase_tim.o
LOAD ./Core/Src/stm32h7xx_it.o
LOAD ./Core/Src/syscalls.o
LOAD ./Core/Src/sysmem.o
LOAD ./Core/Src/system_stm32h7xx.o
LOAD ./Core/Startup/startup_stm32h753zitx.o
LOAD ./Drivers/STM32H7xx_HAL_Driver/Src/stm32h7xx_hal.o
LOAD ./Drivers/STM32H7xx_HAL_Driver/Src/stm32h7xx_hal_cortex.o
LOAD ./Drivers/STM32H7xx_HAL_Driver/Src/stm32h7xx_hal_dma.o
LOAD ./Drivers/STM32H7xx_HAL_Driver/Src/stm32h7xx_hal_dma_ex.o
LOAD ./Drivers/STM32H7xx_HAL_Driver/Src/stm32h7xx_hal_eth.o
LOAD ./Drivers/STM32H7xx_HAL_Driver/Src/stm32h7xx_hal_eth_ex.o
LOAD ./Drivers/STM32H7xx_HAL_Driver/Src/stm32h7xx_hal_exti.o
LOAD ./Drivers/STM32H7xx_HAL_Driver/Src/stm32h7xx_hal_flash.o
LOAD ./Drivers/STM32H7xx_HAL_Driver/Src/stm32h7xx_hal_flash_ex.o
LOAD ./Drivers/STM32H7xx_HAL_Driver/Src/stm32h7xx_hal_gpio.o
LOAD ./Drivers/STM32H7xx_HAL_Driver/Src/stm32h7xx_hal_hsem.o
LOAD ./Drivers/STM32H7xx_HAL_Driver/Src/stm32h7xx_hal_i2c.o
LOAD ./Drivers/STM32H7xx_HAL_Driver/Src/stm32h7xx_hal_i2c_ex.o
LOAD ./Drivers/STM32H7xx_HAL_Driver/Src/stm32h7xx_hal_mdma.o
LOAD ./Drivers/STM32H7xx_HAL_Driver/Src/stm32h7xx_hal_pcd.o
LOAD ./Drivers/STM32H7xx_HAL_Driver/Src/stm32h7xx_hal_pcd_ex.o
LOAD ./Drivers/STM32H7xx_HAL_Driver/Src/stm32h7xx_hal_pwr.o
LOAD ./Drivers/STM32H7xx_HAL_Driver/Src/stm32h7xx_hal_pwr_ex.o
LOAD ./Drivers/STM32H7xx_HAL_Driver/Src/stm32h7xx_hal_rcc.o
LOAD ./Drivers/STM32H7xx_HAL_Driver/Src/stm32h7xx_hal_rcc_ex.o
LOAD ./Drivers/STM32H7xx_HAL_Driver/Src/stm32h7xx_hal_tim.o
LOAD ./Drivers/STM32H7xx_HAL_Driver/Src/stm32h7xx_hal_tim_ex.o
LOAD ./Drivers/STM32H7xx_HAL_Driver/Src/stm32h7xx_hal_uart.o
LOAD ./Drivers/STM32H7xx_HAL_Driver/Src/stm32h7xx_hal_uart_ex.o
LOAD ./Drivers/STM32H7xx_HAL_Driver/Src/stm32h7xx_ll_usb.o
LOAD ./Middlewares/Third_Party/FreeRTOS/Source/CMSIS_RTOS_V2/cmsis_os2.o
LOAD ./Middlewares/Third_Party/FreeRTOS/Source/croutine.o
LOAD ./Middlewares/Third_Party/FreeRTOS/Source/event_groups.o
LOAD ./Middlewares/Third_Party/FreeRTOS/Source/list.o
LOAD ./Middlewares/Third_Party/FreeRTOS/Source/queue.o
LOAD ./Middlewares/Third_Party/FreeRTOS/Source/stream_buffer.o
LOAD ./Middlewares/Third_Party/FreeRTOS/Source/tasks.o
LOAD ./Middlewares/Third_Party/FreeRTOS/Source/timers.o
LOAD ./Middlewares/Third_Party/FreeRTOS/Source/portable/GCC/ARM_CM4F/port.o
LOAD ./Middlewares/Third_Party/FreeRTOS/Source/portable/MemMang/heap_4.o
START GROUP
LOAD E:/CubeIDE/STM32CubeIDE_1.16.1/STM32CubeIDE/plugins/com.st.stm32cube.ide.mcu.externaltools.gnu-tools-for-stm32.12.3.rel1.win32_1.0.200.202406191623/tools/bin/../lib/gcc/arm-none-eabi/12.3.1/../../../../arm-none-eabi/lib/thumb/v7e-m+dp/hard\libc_nano.a
LOAD E:/CubeIDE/STM32CubeIDE_1.16.1/STM32CubeIDE/plugins/com.st.stm32cube.ide.mcu.externaltools.gnu-tools-for-stm32.12.3.rel1.win32_1.0.200.202406191623/tools/bin/../lib/gcc/arm-none-eabi/12.3.1/../../../../arm-none-eabi/lib/thumb/v7e-m+dp/hard\libm.a
END GROUP
START GROUP
LOAD E:/CubeIDE/STM32CubeIDE_1.16.1/STM32CubeIDE/plugins/com.st.stm32cube.ide.mcu.externaltools.gnu-tools-for-stm32.12.3.rel1.win32_1.0.200.202406191623/tools/bin/../lib/gcc/arm-none-eabi/12.3.1/thumb/v7e-m+dp/hard\libgcc.a
LOAD E:/CubeIDE/STM32CubeIDE_1.16.1/STM32CubeIDE/plugins/com.st.stm32cube.ide.mcu.externaltools.gnu-tools-for-stm32.12.3.rel1.win32_1.0.200.202406191623/tools/bin/../lib/gcc/arm-none-eabi/12.3.1/../../../../arm-none-eabi/lib/thumb/v7e-m+dp/hard\libc_nano.a
END GROUP
START GROUP
LOAD E:/CubeIDE/STM32CubeIDE_1.16.1/STM32CubeIDE/plugins/com.st.stm32cube.ide.mcu.externaltools.gnu-tools-for-stm32.12.3.rel1.win32_1.0.200.202406191623/tools/bin/../lib/gcc/arm-none-eabi/12.3.1/thumb/v7e-m+dp/hard\libgcc.a
LOAD E:/CubeIDE/STM32CubeIDE_1.16.1/STM32CubeIDE/plugins/com.st.stm32cube.ide.mcu.externaltools.gnu-tools-for-stm32.12.3.rel1.win32_1.0.200.202406191623/tools/bin/../lib/gcc/arm-none-eabi/12.3.1/../../../../arm-none-eabi/lib/thumb/v7e-m+dp/hard\libc_nano.a
LOAD E:/CubeIDE/STM32CubeIDE_1.16.1/STM32CubeIDE/plugins/com.st.stm32cube.ide.mcu.externaltools.gnu-tools-for-stm32.12.3.rel1.win32_1.0.200.202406191623/tools/bin/../lib/gcc/arm-none-eabi/12.3.1/../../../../arm-none-eabi/lib/thumb/v7e-m+dp/hard\libnosys.a
END GROUP
START GROUP
LOAD E:/CubeIDE/STM32CubeIDE_1.16.1/STM32CubeIDE/plugins/com.st.stm32cube.ide.mcu.externaltools.gnu-tools-for-stm32.12.3.rel1.win32_1.0.200.202406191623/tools/bin/../lib/gcc/arm-none-eabi/12.3.1/thumb/v7e-m+dp/hard\libgcc.a
LOAD E:/CubeIDE/STM32CubeIDE_1.16.1/STM32CubeIDE/plugins/com.st.stm32cube.ide.mcu.externaltools.gnu-tools-for-stm32.12.3.rel1.win32_1.0.200.202406191623/tools/bin/../lib/gcc/arm-none-eabi/12.3.1/../../../../arm-none-eabi/lib/thumb/v7e-m+dp/hard\libc_nano.a
LOAD E:/CubeIDE/STM32CubeIDE_1.16.1/STM32CubeIDE/plugins/com.st.stm32cube.ide.mcu.externaltools.gnu-tools-for-stm32.12.3.rel1.win32_1.0.200.202406191623/tools/bin/../lib/gcc/arm-none-eabi/12.3.1/../../../../arm-none-eabi/lib/thumb/v7e-m+dp/hard\libnosys.a
END GROUP
LOAD E:/CubeIDE/STM32CubeIDE_1.16.1/STM32CubeIDE/plugins/com.st.stm32cube.ide.mcu.externaltools.gnu-tools-for-stm32.12.3.rel1.win32_1.0.200.202406191623/tools/bin/../lib/gcc/arm-none-eabi/12.3.1/thumb/v7e-m+dp/hard/crtend.o
LOAD E:/CubeIDE/STM32CubeIDE_1.16.1/STM32CubeIDE/plugins/com.st.stm32cube.ide.mcu.externaltools.gnu-tools-for-stm32.12.3.rel1.win32_1.0.200.202406191623/tools/bin/../lib/gcc/arm-none-eabi/12.3.1/thumb/v7e-m+dp/hard/crtn.o
                0x24080000                        _estack = (ORIGIN (RAM_D1) + LENGTH (RAM_D1))
                0x00000200                        _Min_Heap_Size = 0x200
                0x00000400                        _Min_Stack_Size = 0x400

.isr_vector     0x08000000      0x298
                0x08000000                        . = ALIGN (0x4)
 *(.isr_vector)
 .isr_vector    0x08000000      0x298 ./Core/Startup/startup_stm32h753zitx.o
                0x08000000                g_pfnVectors
                0x08000298                        . = ALIGN (0x4)

.text           0x080002a0     0xb220
                0x080002a0                        . = ALIGN (0x4)
 *(.text)
 .text          0x080002a0       0x40 E:/CubeIDE/STM32CubeIDE_1.16.1/STM32CubeIDE/plugins/com.st.stm32cube.ide.mcu.externaltools.gnu-tools-for-stm32.12.3.rel1.win32_1.0.200.202406191623/tools/bin/../lib/gcc/arm-none-eabi/12.3.1/thumb/v7e-m+dp/hard/crtbegin.o
 .text          0x080002e0       0x30 E:/CubeIDE/STM32CubeIDE_1.16.1/STM32CubeIDE/plugins/com.st.stm32cube.ide.mcu.externaltools.gnu-tools-for-stm32.12.3.rel1.win32_1.0.200.202406191623/tools/bin/../lib/gcc/arm-none-eabi/12.3.1/thumb/v7e-m+dp/hard\libgcc.a(_aeabi_uldivmod.o)
                0x080002e0                __aeabi_uldivmod
 .text          0x08000310      0x2bc E:/CubeIDE/STM32CubeIDE_1.16.1/STM32CubeIDE/plugins/com.st.stm32cube.ide.mcu.externaltools.gnu-tools-for-stm32.12.3.rel1.win32_1.0.200.202406191623/tools/bin/../lib/gcc/arm-none-eabi/12.3.1/thumb/v7e-m+dp/hard\libgcc.a(_udivmoddi4.o)
                0x08000310                __udivmoddi4
 .text          0x080005cc        0x4 E:/CubeIDE/STM32CubeIDE_1.16.1/STM32CubeIDE/plugins/com.st.stm32cube.ide.mcu.externaltools.gnu-tools-for-stm32.12.3.rel1.win32_1.0.200.202406191623/tools/bin/../lib/gcc/arm-none-eabi/12.3.1/thumb/v7e-m+dp/hard\libgcc.a(_dvmd_tls.o)
                0x080005cc                __aeabi_idiv0
                0x080005cc                __aeabi_ldiv0
 *(.text*)
 .text.main     0x080005d0       0x74 ./Core/Src/main.o
                0x080005d0                main
 .text.SystemClock_Config
                0x08000644       0xf8 ./Core/Src/main.o
                0x08000644                SystemClock_Config
 .text.MX_ETH_Init
                0x0800073c       0x98 ./Core/Src/main.o
 .text.MX_TIM1_Init
                0x080007d4       0xb4 ./Core/Src/main.o
 .text.MX_TIM3_Init
                0x08000888       0xf0 ./Core/Src/main.o
 .text.MX_USART3_UART_Init
                0x08000978       0x98 ./Core/Src/main.o
 .text.MX_USB_OTG_FS_PCD_Init
                0x08000a10       0x64 ./Core/Src/main.o
 .text.MX_GPIO_Init
                0x08000a74      0x1e0 ./Core/Src/main.o
 .text.StartDefaultTask
                0x08000c54       0x58 ./Core/Src/main.o
                0x08000c54                StartDefaultTask
 .text.StartTask02
                0x08000cac       0x52 ./Core/Src/main.o
                0x08000cac                StartTask02
 .text.HAL_TIM_PeriodElapsedCallback
                0x08000cfe       0x1e ./Core/Src/main.o
                0x08000cfe                HAL_TIM_PeriodElapsedCallback
 .text.Error_Handler
                0x08000d1c        0xc ./Core/Src/main.o
                0x08000d1c                Error_Handler
 .text.accelerate_RPM
                0x08000d28       0xc8 ./Core/Src/motor_control.o
                0x08000d28                accelerate_RPM
 .text.decelerate_to_RPM
                0x08000df0       0xc8 ./Core/Src/motor_control.o
                0x08000df0                decelerate_to_RPM
 .text.set_direction
                0x08000eb8       0x38 ./Core/Src/motor_control.o
                0x08000eb8                set_direction
 .text.update_encoder
                0x08000ef0      0x138 ./Core/Src/motor_control.o
                0x08000ef0                update_encoder
 .text.HAL_MspInit
                0x08001028       0x3c ./Core/Src/stm32h7xx_hal_msp.o
                0x08001028                HAL_MspInit
 .text.HAL_ETH_MspInit
                0x08001064      0x19c ./Core/Src/stm32h7xx_hal_msp.o
                0x08001064                HAL_ETH_MspInit
 .text.HAL_TIM_Encoder_MspInit
                0x08001200       0xd4 ./Core/Src/stm32h7xx_hal_msp.o
                0x08001200                HAL_TIM_Encoder_MspInit
 .text.HAL_TIM_Base_MspInit
                0x080012d4       0x44 ./Core/Src/stm32h7xx_hal_msp.o
                0x080012d4                HAL_TIM_Base_MspInit
 .text.HAL_TIM_MspPostInit
                0x08001318       0x74 ./Core/Src/stm32h7xx_hal_msp.o
                0x08001318                HAL_TIM_MspPostInit
 .text.HAL_UART_MspInit
                0x0800138c       0xd4 ./Core/Src/stm32h7xx_hal_msp.o
                0x0800138c                HAL_UART_MspInit
 .text.HAL_PCD_MspInit
                0x08001460       0xf8 ./Core/Src/stm32h7xx_hal_msp.o
                0x08001460                HAL_PCD_MspInit
 .text.HAL_InitTick
                0x08001558       0xd4 ./Core/Src/stm32h7xx_hal_timebase_tim.o
                0x08001558                HAL_InitTick
 .text.NMI_Handler
                0x0800162c        0x8 ./Core/Src/stm32h7xx_it.o
                0x0800162c                NMI_Handler
 .text.HardFault_Handler
                0x08001634        0x8 ./Core/Src/stm32h7xx_it.o
                0x08001634                HardFault_Handler
 .text.MemManage_Handler
                0x0800163c        0x8 ./Core/Src/stm32h7xx_it.o
                0x0800163c                MemManage_Handler
 .text.BusFault_Handler
                0x08001644        0x8 ./Core/Src/stm32h7xx_it.o
                0x08001644                BusFault_Handler
 .text.UsageFault_Handler
                0x0800164c        0x8 ./Core/Src/stm32h7xx_it.o
                0x0800164c                UsageFault_Handler
 .text.DebugMon_Handler
                0x08001654        0xe ./Core/Src/stm32h7xx_it.o
                0x08001654                DebugMon_Handler
 *fill*         0x08001662        0x2 
 .text.TIM1_BRK_IRQHandler
                0x08001664       0x14 ./Core/Src/stm32h7xx_it.o
                0x08001664                TIM1_BRK_IRQHandler
 .text.TIM1_UP_IRQHandler
                0x08001678       0x14 ./Core/Src/stm32h7xx_it.o
                0x08001678                TIM1_UP_IRQHandler
 .text.TIM1_TRG_COM_IRQHandler
                0x0800168c       0x14 ./Core/Src/stm32h7xx_it.o
                0x0800168c                TIM1_TRG_COM_IRQHandler
 .text.TIM1_CC_IRQHandler
                0x080016a0       0x14 ./Core/Src/stm32h7xx_it.o
                0x080016a0                TIM1_CC_IRQHandler
 .text.TIM2_IRQHandler
                0x080016b4       0x14 ./Core/Src/stm32h7xx_it.o
                0x080016b4                TIM2_IRQHandler
 .text.SystemInit
                0x080016c8      0x110 ./Core/Src/system_stm32h7xx.o
                0x080016c8                SystemInit
 .text.Reset_Handler
                0x080017d8       0x50 ./Core/Startup/startup_stm32h753zitx.o
                0x080017d8                Reset_Handler
 .text.Default_Handler
                0x08001828        0x2 ./Core/Startup/startup_stm32h753zitx.o
                0x08001828                RTC_Alarm_IRQHandler
                0x08001828                HASH_RNG_IRQHandler
                0x08001828                EXTI2_IRQHandler
                0x08001828                TIM8_CC_IRQHandler
                0x08001828                HRTIM1_Master_IRQHandler
                0x08001828                UART8_IRQHandler
                0x08001828                SPI4_IRQHandler
                0x08001828                BDMA_Channel6_IRQHandler
                0x08001828                DMA2_Stream5_IRQHandler
                0x08001828                HRTIM1_FLT_IRQHandler
                0x08001828                JPEG_IRQHandler
                0x08001828                DMA1_Stream5_IRQHandler
                0x08001828                BDMA_Channel1_IRQHandler
                0x08001828                HRTIM1_TIMD_IRQHandler
                0x08001828                TAMP_STAMP_IRQHandler
                0x08001828                EXTI3_IRQHandler
                0x08001828                LPTIM4_IRQHandler
                0x08001828                TIM8_TRG_COM_TIM14_IRQHandler
                0x08001828                LPTIM2_IRQHandler
                0x08001828                DFSDM1_FLT1_IRQHandler
                0x08001828                DMAMUX2_OVR_IRQHandler
                0x08001828                TIM8_UP_TIM13_IRQHandler
                0x08001828                I2C3_ER_IRQHandler
                0x08001828                DFSDM1_FLT2_IRQHandler
                0x08001828                MDMA_IRQHandler
                0x08001828                LPTIM3_IRQHandler
                0x08001828                HSEM1_IRQHandler
                0x08001828                EXTI0_IRQHandler
                0x08001828                I2C2_EV_IRQHandler
                0x08001828                DMA1_Stream2_IRQHandler
                0x08001828                FPU_IRQHandler
                0x08001828                OTG_HS_WKUP_IRQHandler
                0x08001828                FDCAN1_IT1_IRQHandler
                0x08001828                LTDC_ER_IRQHandler
                0x08001828                DMA2_Stream2_IRQHandler
                0x08001828                HRTIM1_TIME_IRQHandler
                0x08001828                SPI1_IRQHandler
                0x08001828                TIM6_DAC_IRQHandler
                0x08001828                DCMI_IRQHandler
                0x08001828                HRTIM1_TIMC_IRQHandler
                0x08001828                DMA2_Stream3_IRQHandler
                0x08001828                SAI2_IRQHandler
                0x08001828                DFSDM1_FLT3_IRQHandler
                0x08001828                USART6_IRQHandler
                0x08001828                TIM17_IRQHandler
                0x08001828                USART3_IRQHandler
                0x08001828                BDMA_Channel7_IRQHandler
                0x08001828                CRYP_IRQHandler
                0x08001828                LPTIM5_IRQHandler
                0x08001828                UART5_IRQHandler
                0x08001828                ADC3_IRQHandler
                0x08001828                DMA2_Stream0_IRQHandler
                0x08001828                TIM4_IRQHandler
                0x08001828                BDMA_Channel2_IRQHandler
                0x08001828                QUADSPI_IRQHandler
                0x08001828                I2C1_EV_IRQHandler
                0x08001828                DMA1_Stream6_IRQHandler
                0x08001828                DMAMUX1_OVR_IRQHandler
                0x08001828                DMA1_Stream1_IRQHandler
                0x08001828                TIM16_IRQHandler
                0x08001828                UART4_IRQHandler
                0x08001828                BDMA_Channel5_IRQHandler
                0x08001828                TIM3_IRQHandler
                0x08001828                RCC_IRQHandler
                0x08001828                TIM8_BRK_TIM12_IRQHandler
                0x08001828                Default_Handler
                0x08001828                ECC_IRQHandler
                0x08001828                CEC_IRQHandler
                0x08001828                EXTI15_10_IRQHandler
                0x08001828                BDMA_Channel0_IRQHandler
                0x08001828                ADC_IRQHandler
                0x08001828                DMA1_Stream7_IRQHandler
                0x08001828                HRTIM1_TIMA_IRQHandler
                0x08001828                SPI5_IRQHandler
                0x08001828                TIM7_IRQHandler
                0x08001828                SDMMC1_IRQHandler
                0x08001828                TIM5_IRQHandler
                0x08001828                DMA2_Stream7_IRQHandler
                0x08001828                TIM15_IRQHandler
                0x08001828                PVD_AVD_IRQHandler
                0x08001828                I2C3_EV_IRQHandler
                0x08001828                EXTI9_5_IRQHandler
                0x08001828                RTC_WKUP_IRQHandler
                0x08001828                LTDC_IRQHandler
                0x08001828                SAI3_IRQHandler
                0x08001828                ETH_WKUP_IRQHandler
                0x08001828                SPDIF_RX_IRQHandler
                0x08001828                SPI2_IRQHandler
                0x08001828                OTG_HS_EP1_IN_IRQHandler
                0x08001828                DMA1_Stream0_IRQHandler
                0x08001828                CRS_IRQHandler
                0x08001828                EXTI4_IRQHandler
                0x08001828                HRTIM1_TIMB_IRQHandler
                0x08001828                FDCAN2_IT1_IRQHandler
                0x08001828                ETH_IRQHandler
                0x08001828                BDMA_Channel4_IRQHandler
                0x08001828                OTG_HS_EP1_OUT_IRQHandler
                0x08001828                WWDG_IRQHandler
                0x08001828                SPI6_IRQHandler
                0x08001828                MDIOS_IRQHandler
                0x08001828                I2C4_EV_IRQHandler
                0x08001828                FDCAN2_IT0_IRQHandler
                0x08001828                LPUART1_IRQHandler
                0x08001828                FDCAN1_IT0_IRQHandler
                0x08001828                OTG_FS_WKUP_IRQHandler
                0x08001828                OTG_HS_IRQHandler
                0x08001828                DMA2D_IRQHandler
                0x08001828                EXTI1_IRQHandler
                0x08001828                SDMMC2_IRQHandler
                0x08001828                OTG_FS_EP1_OUT_IRQHandler
                0x08001828                BDMA_Channel3_IRQHandler
                0x08001828                UART7_IRQHandler
                0x08001828                MDIOS_WKUP_IRQHandler
                0x08001828                USART2_IRQHandler
                0x08001828                DFSDM1_FLT0_IRQHandler
                0x08001828                SAI4_IRQHandler
                0x08001828                I2C2_ER_IRQHandler
                0x08001828                DMA2_Stream1_IRQHandler
                0x08001828                FLASH_IRQHandler
                0x08001828                DMA2_Stream4_IRQHandler
                0x08001828                USART1_IRQHandler
                0x08001828                OTG_FS_IRQHandler
                0x08001828                SPI3_IRQHandler
                0x08001828                WAKEUP_PIN_IRQHandler
                0x08001828                DMA1_Stream4_IRQHandler
                0x08001828                OTG_FS_EP1_IN_IRQHandler
                0x08001828                I2C1_ER_IRQHandler
                0x08001828                FMC_IRQHandler
                0x08001828                FDCAN_CAL_IRQHandler
                0x08001828                SWPMI1_IRQHandler
                0x08001828                COMP1_IRQHandler
                0x08001828                LPTIM1_IRQHandler
                0x08001828                I2C4_ER_IRQHandler
                0x08001828                DMA2_Stream6_IRQHandler
                0x08001828                SAI1_IRQHandler
                0x08001828                DMA1_Stream3_IRQHandler
 *fill*         0x0800182a        0x2 
 .text.HAL_Init
                0x0800182c       0x78 ./Drivers/STM32H7xx_HAL_Driver/Src/stm32h7xx_hal.o
                0x0800182c                HAL_Init
 .text.HAL_IncTick
                0x080018a4       0x28 ./Drivers/STM32H7xx_HAL_Driver/Src/stm32h7xx_hal.o
                0x080018a4                HAL_IncTick
 .text.HAL_GetTick
                0x080018cc       0x18 ./Drivers/STM32H7xx_HAL_Driver/Src/stm32h7xx_hal.o
                0x080018cc                HAL_GetTick
 .text.HAL_Delay
                0x080018e4       0x48 ./Drivers/STM32H7xx_HAL_Driver/Src/stm32h7xx_hal.o
                0x080018e4                HAL_Delay
 .text.HAL_GetREVID
                0x0800192c       0x18 ./Drivers/STM32H7xx_HAL_Driver/Src/stm32h7xx_hal.o
                0x0800192c                HAL_GetREVID
 .text.HAL_SYSCFG_ETHInterfaceSelect
                0x08001944       0x28 ./Drivers/STM32H7xx_HAL_Driver/Src/stm32h7xx_hal.o
                0x08001944                HAL_SYSCFG_ETHInterfaceSelect
 .text.__NVIC_SetPriorityGrouping
                0x0800196c       0x48 ./Drivers/STM32H7xx_HAL_Driver/Src/stm32h7xx_hal_cortex.o
 .text.__NVIC_GetPriorityGrouping
                0x080019b4       0x1c ./Drivers/STM32H7xx_HAL_Driver/Src/stm32h7xx_hal_cortex.o
 .text.__NVIC_EnableIRQ
                0x080019d0       0x3c ./Drivers/STM32H7xx_HAL_Driver/Src/stm32h7xx_hal_cortex.o
 .text.__NVIC_SetPriority
                0x08001a0c       0x54 ./Drivers/STM32H7xx_HAL_Driver/Src/stm32h7xx_hal_cortex.o
 .text.NVIC_EncodePriority
                0x08001a60       0x66 ./Drivers/STM32H7xx_HAL_Driver/Src/stm32h7xx_hal_cortex.o
 .text.HAL_NVIC_SetPriorityGrouping
                0x08001ac6       0x16 ./Drivers/STM32H7xx_HAL_Driver/Src/stm32h7xx_hal_cortex.o
                0x08001ac6                HAL_NVIC_SetPriorityGrouping
 .text.HAL_NVIC_SetPriority
                0x08001adc       0x34 ./Drivers/STM32H7xx_HAL_Driver/Src/stm32h7xx_hal_cortex.o
                0x08001adc                HAL_NVIC_SetPriority
 .text.HAL_NVIC_EnableIRQ
                0x08001b10       0x1c ./Drivers/STM32H7xx_HAL_Driver/Src/stm32h7xx_hal_cortex.o
                0x08001b10                HAL_NVIC_EnableIRQ
 .text.HAL_ETH_Init
                0x08001b2c      0x1fc ./Drivers/STM32H7xx_HAL_Driver/Src/stm32h7xx_hal_eth.o
                0x08001b2c                HAL_ETH_Init
 .text.HAL_ETH_SetMDIOClockRange
                0x08001d28       0xa0 ./Drivers/STM32H7xx_HAL_Driver/Src/stm32h7xx_hal_eth.o
                0x08001d28                HAL_ETH_SetMDIOClockRange
 .text.ETH_SetMACConfig
                0x08001dc8      0x238 ./Drivers/STM32H7xx_HAL_Driver/Src/stm32h7xx_hal_eth.o
 .text.ETH_SetDMAConfig
                0x08002000      0x10c ./Drivers/STM32H7xx_HAL_Driver/Src/stm32h7xx_hal_eth.o
 .text.ETH_MACDMAConfig
                0x0800210c      0x13a ./Drivers/STM32H7xx_HAL_Driver/Src/stm32h7xx_hal_eth.o
 .text.ETH_DMATxDescListInit
                0x08002246       0x92 ./Drivers/STM32H7xx_HAL_Driver/Src/stm32h7xx_hal_eth.o
 .text.ETH_DMARxDescListInit
                0x080022d8       0xba ./Drivers/STM32H7xx_HAL_Driver/Src/stm32h7xx_hal_eth.o
 *fill*         0x08002392        0x2 
 .text.HAL_GPIO_Init
                0x08002394      0x360 ./Drivers/STM32H7xx_HAL_Driver/Src/stm32h7xx_hal_gpio.o
                0x08002394                HAL_GPIO_Init
 .text.HAL_GPIO_WritePin
                0x080026f4       0x32 ./Drivers/STM32H7xx_HAL_Driver/Src/stm32h7xx_hal_gpio.o
                0x080026f4                HAL_GPIO_WritePin
 .text.HAL_PCD_Init
                0x08002726      0x218 ./Drivers/STM32H7xx_HAL_Driver/Src/stm32h7xx_hal_pcd.o
                0x08002726                HAL_PCD_Init
 *fill*         0x0800293e        0x2 
 .text.HAL_PCDEx_ActivateLPM
                0x08002940       0x48 ./Drivers/STM32H7xx_HAL_Driver/Src/stm32h7xx_hal_pcd_ex.o
                0x08002940                HAL_PCDEx_ActivateLPM
 .text.HAL_PWREx_ConfigSupply
                0x08002988       0x74 ./Drivers/STM32H7xx_HAL_Driver/Src/stm32h7xx_hal_pwr_ex.o
                0x08002988                HAL_PWREx_ConfigSupply
 .text.HAL_PWREx_EnableUSBVoltageDetector
                0x080029fc       0x20 ./Drivers/STM32H7xx_HAL_Driver/Src/stm32h7xx_hal_pwr_ex.o
                0x080029fc                HAL_PWREx_EnableUSBVoltageDetector
 .text.HAL_RCC_OscConfig
                0x08002a1c      0x8b4 ./Drivers/STM32H7xx_HAL_Driver/Src/stm32h7xx_hal_rcc.o
                0x08002a1c                HAL_RCC_OscConfig
 .text.HAL_RCC_ClockConfig
                0x080032d0      0x36c ./Drivers/STM32H7xx_HAL_Driver/Src/stm32h7xx_hal_rcc.o
                0x080032d0                HAL_RCC_ClockConfig
 .text.HAL_RCC_GetSysClockFreq
                0x0800363c      0x2f4 ./Drivers/STM32H7xx_HAL_Driver/Src/stm32h7xx_hal_rcc.o
                0x0800363c                HAL_RCC_GetSysClockFreq
 .text.HAL_RCC_GetHCLKFreq
                0x08003930       0x60 ./Drivers/STM32H7xx_HAL_Driver/Src/stm32h7xx_hal_rcc.o
                0x08003930                HAL_RCC_GetHCLKFreq
 .text.HAL_RCC_GetPCLK1Freq
                0x08003990       0x2c ./Drivers/STM32H7xx_HAL_Driver/Src/stm32h7xx_hal_rcc.o
                0x08003990                HAL_RCC_GetPCLK1Freq
 .text.HAL_RCC_GetPCLK2Freq
                0x080039bc       0x2c ./Drivers/STM32H7xx_HAL_Driver/Src/stm32h7xx_hal_rcc.o
                0x080039bc                HAL_RCC_GetPCLK2Freq
 .text.HAL_RCC_GetClockConfig
                0x080039e8       0x84 ./Drivers/STM32H7xx_HAL_Driver/Src/stm32h7xx_hal_rcc.o
                0x080039e8                HAL_RCC_GetClockConfig
 .text.HAL_RCCEx_PeriphCLKConfig
                0x08003a6c     0x1414 ./Drivers/STM32H7xx_HAL_Driver/Src/stm32h7xx_hal_rcc_ex.o
                0x08003a6c                HAL_RCCEx_PeriphCLKConfig
 .text.HAL_RCCEx_GetD3PCLK1Freq
                0x08004e80       0x2c ./Drivers/STM32H7xx_HAL_Driver/Src/stm32h7xx_hal_rcc_ex.o
                0x08004e80                HAL_RCCEx_GetD3PCLK1Freq
 .text.HAL_RCCEx_GetPLL2ClockFreq
                0x08004eac      0x2a8 ./Drivers/STM32H7xx_HAL_Driver/Src/stm32h7xx_hal_rcc_ex.o
                0x08004eac                HAL_RCCEx_GetPLL2ClockFreq
 .text.HAL_RCCEx_GetPLL3ClockFreq
                0x08005154      0x2a8 ./Drivers/STM32H7xx_HAL_Driver/Src/stm32h7xx_hal_rcc_ex.o
                0x08005154                HAL_RCCEx_GetPLL3ClockFreq
 .text.RCCEx_PLL2_Config
                0x080053fc      0x164 ./Drivers/STM32H7xx_HAL_Driver/Src/stm32h7xx_hal_rcc_ex.o
 .text.RCCEx_PLL3_Config
                0x08005560      0x164 ./Drivers/STM32H7xx_HAL_Driver/Src/stm32h7xx_hal_rcc_ex.o
 .text.HAL_TIM_Base_Init
                0x080056c4       0xae ./Drivers/STM32H7xx_HAL_Driver/Src/stm32h7xx_hal_tim.o
                0x080056c4                HAL_TIM_Base_Init
 *fill*         0x08005772        0x2 
 .text.HAL_TIM_Base_Start_IT
                0x08005774       0xf0 ./Drivers/STM32H7xx_HAL_Driver/Src/stm32h7xx_hal_tim.o
                0x08005774                HAL_TIM_Base_Start_IT
 .text.HAL_TIM_PWM_Init
                0x08005864       0xae ./Drivers/STM32H7xx_HAL_Driver/Src/stm32h7xx_hal_tim.o
                0x08005864                HAL_TIM_PWM_Init
 .text.HAL_TIM_PWM_MspInit
                0x08005912       0x14 ./Drivers/STM32H7xx_HAL_Driver/Src/stm32h7xx_hal_tim.o
                0x08005912                HAL_TIM_PWM_MspInit
 *fill*         0x08005926        0x2 
 .text.HAL_TIM_PWM_Start
                0x08005928      0x21c ./Drivers/STM32H7xx_HAL_Driver/Src/stm32h7xx_hal_tim.o
                0x08005928                HAL_TIM_PWM_Start
 .text.HAL_TIM_PWM_Stop
                0x08005b44      0x12c ./Drivers/STM32H7xx_HAL_Driver/Src/stm32h7xx_hal_tim.o
                0x08005b44                HAL_TIM_PWM_Stop
 .text.HAL_TIM_Encoder_Init
                0x08005c70      0x14c ./Drivers/STM32H7xx_HAL_Driver/Src/stm32h7xx_hal_tim.o
                0x08005c70                HAL_TIM_Encoder_Init
 .text.HAL_TIM_Encoder_Start
                0x08005dbc      0x11c ./Drivers/STM32H7xx_HAL_Driver/Src/stm32h7xx_hal_tim.o
                0x08005dbc                HAL_TIM_Encoder_Start
 .text.HAL_TIM_IRQHandler
                0x08005ed8      0x20e ./Drivers/STM32H7xx_HAL_Driver/Src/stm32h7xx_hal_tim.o
                0x08005ed8                HAL_TIM_IRQHandler
 *fill*         0x080060e6        0x2 
 .text.HAL_TIM_PWM_ConfigChannel
                0x080060e8      0x228 ./Drivers/STM32H7xx_HAL_Driver/Src/stm32h7xx_hal_tim.o
                0x080060e8                HAL_TIM_PWM_ConfigChannel
 .text.HAL_TIM_ConfigClockSource
                0x08006310      0x1f0 ./Drivers/STM32H7xx_HAL_Driver/Src/stm32h7xx_hal_tim.o
                0x08006310                HAL_TIM_ConfigClockSource
 .text.HAL_TIM_OC_DelayElapsedCallback
                0x08006500       0x14 ./Drivers/STM32H7xx_HAL_Driver/Src/stm32h7xx_hal_tim.o
                0x08006500                HAL_TIM_OC_DelayElapsedCallback
 .text.HAL_TIM_IC_CaptureCallback
                0x08006514       0x14 ./Drivers/STM32H7xx_HAL_Driver/Src/stm32h7xx_hal_tim.o
                0x08006514                HAL_TIM_IC_CaptureCallback
 .text.HAL_TIM_PWM_PulseFinishedCallback
                0x08006528       0x14 ./Drivers/STM32H7xx_HAL_Driver/Src/stm32h7xx_hal_tim.o
                0x08006528                HAL_TIM_PWM_PulseFinishedCallback
 .text.HAL_TIM_TriggerCallback
                0x0800653c       0x14 ./Drivers/STM32H7xx_HAL_Driver/Src/stm32h7xx_hal_tim.o
                0x0800653c                HAL_TIM_TriggerCallback
 .text.TIM_Base_SetConfig
                0x08006550      0x14c ./Drivers/STM32H7xx_HAL_Driver/Src/stm32h7xx_hal_tim.o
                0x08006550                TIM_Base_SetConfig
 .text.TIM_OC1_SetConfig
                0x0800669c      0x120 ./Drivers/STM32H7xx_HAL_Driver/Src/stm32h7xx_hal_tim.o
 .text.TIM_OC2_SetConfig
                0x080067bc      0x114 ./Drivers/STM32H7xx_HAL_Driver/Src/stm32h7xx_hal_tim.o
                0x080067bc                TIM_OC2_SetConfig
 .text.TIM_OC3_SetConfig
                0x080068d0      0x110 ./Drivers/STM32H7xx_HAL_Driver/Src/stm32h7xx_hal_tim.o
 .text.TIM_OC4_SetConfig
                0x080069e0       0xd4 ./Drivers/STM32H7xx_HAL_Driver/Src/stm32h7xx_hal_tim.o
 .text.TIM_OC5_SetConfig
                0x08006ab4       0xc8 ./Drivers/STM32H7xx_HAL_Driver/Src/stm32h7xx_hal_tim.o
 .text.TIM_OC6_SetConfig
                0x08006b7c       0xcc ./Drivers/STM32H7xx_HAL_Driver/Src/stm32h7xx_hal_tim.o
 .text.TIM_TI1_ConfigInputStage
                0x08006c48       0x5e ./Drivers/STM32H7xx_HAL_Driver/Src/stm32h7xx_hal_tim.o
 .text.TIM_TI2_ConfigInputStage
                0x08006ca6       0x60 ./Drivers/STM32H7xx_HAL_Driver/Src/stm32h7xx_hal_tim.o
 *fill*         0x08006d06        0x2 
 .text.TIM_ITRx_SetConfig
                0x08006d08       0x3c ./Drivers/STM32H7xx_HAL_Driver/Src/stm32h7xx_hal_tim.o
 .text.TIM_ETR_SetConfig
                0x08006d44       0x40 ./Drivers/STM32H7xx_HAL_Driver/Src/stm32h7xx_hal_tim.o
                0x08006d44                TIM_ETR_SetConfig
 .text.TIM_CCxChannelCmd
                0x08006d84       0x4a ./Drivers/STM32H7xx_HAL_Driver/Src/stm32h7xx_hal_tim.o
                0x08006d84                TIM_CCxChannelCmd
 *fill*         0x08006dce        0x2 
 .text.HAL_TIMEx_MasterConfigSynchronization
                0x08006dd0      0x11c ./Drivers/STM32H7xx_HAL_Driver/Src/stm32h7xx_hal_tim_ex.o
                0x08006dd0                HAL_TIMEx_MasterConfigSynchronization
 .text.HAL_TIMEx_CommutCallback
                0x08006eec       0x14 ./Drivers/STM32H7xx_HAL_Driver/Src/stm32h7xx_hal_tim_ex.o
                0x08006eec                HAL_TIMEx_CommutCallback
 .text.HAL_TIMEx_BreakCallback
                0x08006f00       0x14 ./Drivers/STM32H7xx_HAL_Driver/Src/stm32h7xx_hal_tim_ex.o
                0x08006f00                HAL_TIMEx_BreakCallback
 .text.HAL_TIMEx_Break2Callback
                0x08006f14       0x14 ./Drivers/STM32H7xx_HAL_Driver/Src/stm32h7xx_hal_tim_ex.o
                0x08006f14                HAL_TIMEx_Break2Callback
 .text.HAL_UART_Init
                0x08006f28       0xa0 ./Drivers/STM32H7xx_HAL_Driver/Src/stm32h7xx_hal_uart.o
                0x08006f28                HAL_UART_Init
 .text.UART_SetConfig
                0x08006fc8      0xad0 ./Drivers/STM32H7xx_HAL_Driver/Src/stm32h7xx_hal_uart.o
                0x08006fc8                UART_SetConfig
 .text.UART_AdvFeatureConfig
                0x08007a98      0x144 ./Drivers/STM32H7xx_HAL_Driver/Src/stm32h7xx_hal_uart.o
                0x08007a98                UART_AdvFeatureConfig
 .text.UART_CheckIdleState
                0x08007bdc      0x154 ./Drivers/STM32H7xx_HAL_Driver/Src/stm32h7xx_hal_uart.o
                0x08007bdc                UART_CheckIdleState
 .text.UART_WaitOnFlagUntilTimeout
                0x08007d30       0xda ./Drivers/STM32H7xx_HAL_Driver/Src/stm32h7xx_hal_uart.o
                0x08007d30                UART_WaitOnFlagUntilTimeout
 *fill*         0x08007e0a        0x2 
 .text.UART_EndRxTransfer
                0x08007e0c       0xcc ./Drivers/STM32H7xx_HAL_Driver/Src/stm32h7xx_hal_uart.o
 .text.HAL_UARTEx_DisableFifoMode
                0x08007ed8       0x72 ./Drivers/STM32H7xx_HAL_Driver/Src/stm32h7xx_hal_uart_ex.o
                0x08007ed8                HAL_UARTEx_DisableFifoMode
 .text.HAL_UARTEx_SetTxFifoThreshold
                0x08007f4a       0x7c ./Drivers/STM32H7xx_HAL_Driver/Src/stm32h7xx_hal_uart_ex.o
                0x08007f4a                HAL_UARTEx_SetTxFifoThreshold
 .text.HAL_UARTEx_SetRxFifoThreshold
                0x08007fc6       0x7c ./Drivers/STM32H7xx_HAL_Driver/Src/stm32h7xx_hal_uart_ex.o
                0x08007fc6                HAL_UARTEx_SetRxFifoThreshold
 *fill*         0x08008042        0x2 
 .text.UARTEx_SetNbDataToProcess
                0x08008044       0x9c ./Drivers/STM32H7xx_HAL_Driver/Src/stm32h7xx_hal_uart_ex.o
 .text.USB_CoreInit
                0x080080e0       0xe4 ./Drivers/STM32H7xx_HAL_Driver/Src/stm32h7xx_ll_usb.o
                0x080080e0                USB_CoreInit
 .text.USB_DisableGlobalInt
                0x080081c4       0x22 ./Drivers/STM32H7xx_HAL_Driver/Src/stm32h7xx_ll_usb.o
                0x080081c4                USB_DisableGlobalInt
 .text.USB_SetCurrentMode
                0x080081e6       0x98 ./Drivers/STM32H7xx_HAL_Driver/Src/stm32h7xx_ll_usb.o
                0x080081e6                USB_SetCurrentMode
 *fill*         0x0800827e        0x2 
 .text.USB_DevInit
                0x08008280      0x2bc ./Drivers/STM32H7xx_HAL_Driver/Src/stm32h7xx_ll_usb.o
                0x08008280                USB_DevInit
 .text.USB_FlushTxFifo
                0x0800853c       0x64 ./Drivers/STM32H7xx_HAL_Driver/Src/stm32h7xx_ll_usb.o
                0x0800853c                USB_FlushTxFifo
 .text.USB_FlushRxFifo
                0x080085a0       0x5c ./Drivers/STM32H7xx_HAL_Driver/Src/stm32h7xx_ll_usb.o
                0x080085a0                USB_FlushRxFifo
 .text.USB_SetDevSpeed
                0x080085fc       0x32 ./Drivers/STM32H7xx_HAL_Driver/Src/stm32h7xx_ll_usb.o
                0x080085fc                USB_SetDevSpeed
 .text.USB_DevDisconnect
                0x0800862e       0x42 ./Drivers/STM32H7xx_HAL_Driver/Src/stm32h7xx_ll_usb.o
                0x0800862e                USB_DevDisconnect
 .text.USB_GetMode
                0x08008670       0x1c ./Drivers/STM32H7xx_HAL_Driver/Src/stm32h7xx_ll_usb.o
                0x08008670                USB_GetMode
 .text.USB_CoreReset
                0x0800868c       0x62 ./Drivers/STM32H7xx_HAL_Driver/Src/stm32h7xx_ll_usb.o
 *fill*         0x080086ee        0x2 
 .text.__NVIC_SetPriority
                0x080086f0       0x54 ./Middlewares/Third_Party/FreeRTOS/Source/CMSIS_RTOS_V2/cmsis_os2.o
 .text.SysTick_Handler
                0x08008744       0x20 ./Middlewares/Third_Party/FreeRTOS/Source/CMSIS_RTOS_V2/cmsis_os2.o
                0x08008744                SysTick_Handler
 .text.SVC_Setup
                0x08008764       0x12 ./Middlewares/Third_Party/FreeRTOS/Source/CMSIS_RTOS_V2/cmsis_os2.o
 *fill*         0x08008776        0x2 
 .text.osKernelInitialize
                0x08008778       0x48 ./Middlewares/Third_Party/FreeRTOS/Source/CMSIS_RTOS_V2/cmsis_os2.o
                0x08008778                osKernelInitialize
 .text.osKernelStart
                0x080087c0       0x4c ./Middlewares/Third_Party/FreeRTOS/Source/CMSIS_RTOS_V2/cmsis_os2.o
                0x080087c0                osKernelStart
 .text.osThreadNew
                0x0800880c      0x124 ./Middlewares/Third_Party/FreeRTOS/Source/CMSIS_RTOS_V2/cmsis_os2.o
                0x0800880c                osThreadNew
 .text.osDelay  0x08008930       0x36 ./Middlewares/Third_Party/FreeRTOS/Source/CMSIS_RTOS_V2/cmsis_os2.o
                0x08008930                osDelay
 *fill*         0x08008966        0x2 
 .text.vApplicationGetIdleTaskMemory
                0x08008968       0x34 ./Middlewares/Third_Party/FreeRTOS/Source/CMSIS_RTOS_V2/cmsis_os2.o
                0x08008968                vApplicationGetIdleTaskMemory
 .text.vApplicationGetTimerTaskMemory
                0x0800899c       0x34 ./Middlewares/Third_Party/FreeRTOS/Source/CMSIS_RTOS_V2/cmsis_os2.o
                0x0800899c                vApplicationGetTimerTaskMemory
 .text.vListInitialise
                0x080089d0       0x40 ./Middlewares/Third_Party/FreeRTOS/Source/list.o
                0x080089d0                vListInitialise
 .text.vListInitialiseItem
                0x08008a10       0x1a ./Middlewares/Third_Party/FreeRTOS/Source/list.o
                0x08008a10                vListInitialiseItem
 .text.vListInsertEnd
                0x08008a2a       0x48 ./Middlewares/Third_Party/FreeRTOS/Source/list.o
                0x08008a2a                vListInsertEnd
 .text.vListInsert
                0x08008a72       0x72 ./Middlewares/Third_Party/FreeRTOS/Source/list.o
                0x08008a72                vListInsert
 .text.uxListRemove
                0x08008ae4       0x54 ./Middlewares/Third_Party/FreeRTOS/Source/list.o
                0x08008ae4                uxListRemove
 .text.xQueueGenericReset
                0x08008b38       0xd4 ./Middlewares/Third_Party/FreeRTOS/Source/queue.o
                0x08008b38                xQueueGenericReset
 .text.xQueueGenericCreateStatic
                0x08008c0c       0xfa ./Middlewares/Third_Party/FreeRTOS/Source/queue.o
                0x08008c0c                xQueueGenericCreateStatic
 .text.prvInitialiseNewQueue
                0x08008d06       0x46 ./Middlewares/Third_Party/FreeRTOS/Source/queue.o
 .text.xQueueGenericSend
                0x08008d4c      0x204 ./Middlewares/Third_Party/FreeRTOS/Source/queue.o
                0x08008d4c                xQueueGenericSend
 .text.xQueueGenericSendFromISR
                0x08008f50      0x13c ./Middlewares/Third_Party/FreeRTOS/Source/queue.o
                0x08008f50                xQueueGenericSendFromISR
 .text.xQueueReceive
                0x0800908c      0x1c4 ./Middlewares/Third_Party/FreeRTOS/Source/queue.o
                0x0800908c                xQueueReceive
 .text.prvCopyDataToQueue
                0x08009250       0xd4 ./Middlewares/Third_Party/FreeRTOS/Source/queue.o
 .text.prvCopyDataFromQueue
                0x08009324       0x4c ./Middlewares/Third_Party/FreeRTOS/Source/queue.o
 .text.prvUnlockQueue
                0x08009370       0xa4 ./Middlewares/Third_Party/FreeRTOS/Source/queue.o
 .text.prvIsQueueEmpty
                0x08009414       0x2c ./Middlewares/Third_Party/FreeRTOS/Source/queue.o
 .text.prvIsQueueFull
                0x08009440       0x30 ./Middlewares/Third_Party/FreeRTOS/Source/queue.o
 .text.vQueueAddToRegistry
                0x08009470       0x54 ./Middlewares/Third_Party/FreeRTOS/Source/queue.o
                0x08009470                vQueueAddToRegistry
 .text.vQueueWaitForMessageRestricted
                0x080094c4       0x68 ./Middlewares/Third_Party/FreeRTOS/Source/queue.o
                0x080094c4                vQueueWaitForMessageRestricted
 .text.xTaskCreateStatic
                0x0800952c       0xc0 ./Middlewares/Third_Party/FreeRTOS/Source/tasks.o
                0x0800952c                xTaskCreateStatic
 .text.xTaskCreate
                0x080095ec       0x8a ./Middlewares/Third_Party/FreeRTOS/Source/tasks.o
                0x080095ec                xTaskCreate
 *fill*         0x08009676        0x2 
 .text.prvInitialiseNewTask
                0x08009678      0x150 ./Middlewares/Third_Party/FreeRTOS/Source/tasks.o
 .text.prvAddNewTaskToReadyList
                0x080097c8       0xe0 ./Middlewares/Third_Party/FreeRTOS/Source/tasks.o
 .text.vTaskDelay
                0x080098a8       0x6c ./Middlewares/Third_Party/FreeRTOS/Source/tasks.o
                0x080098a8                vTaskDelay
 .text.vTaskStartScheduler
                0x08009914       0xe0 ./Middlewares/Third_Party/FreeRTOS/Source/tasks.o
                0x08009914                vTaskStartScheduler
 .text.vTaskSuspendAll
                0x080099f4       0x1c ./Middlewares/Third_Party/FreeRTOS/Source/tasks.o
                0x080099f4                vTaskSuspendAll
 .text.xTaskResumeAll
                0x08009a10      0x13c ./Middlewares/Third_Party/FreeRTOS/Source/tasks.o
                0x08009a10                xTaskResumeAll
 .text.xTaskGetTickCount
                0x08009b4c       0x20 ./Middlewares/Third_Party/FreeRTOS/Source/tasks.o
                0x08009b4c                xTaskGetTickCount
 .text.xTaskIncrementTick
                0x08009b6c      0x174 ./Middlewares/Third_Party/FreeRTOS/Source/tasks.o
                0x08009b6c                xTaskIncrementTick
 .text.vTaskSwitchContext
                0x08009ce0       0xcc ./Middlewares/Third_Party/FreeRTOS/Source/tasks.o
                0x08009ce0                vTaskSwitchContext
 .text.vTaskPlaceOnEventList
                0x08009dac       0x4c ./Middlewares/Third_Party/FreeRTOS/Source/tasks.o
                0x08009dac                vTaskPlaceOnEventList
 .text.vTaskPlaceOnEventListRestricted
                0x08009df8       0x58 ./Middlewares/Third_Party/FreeRTOS/Source/tasks.o
                0x08009df8                vTaskPlaceOnEventListRestricted
 .text.xTaskRemoveFromEventList
                0x08009e50       0xc8 ./Middlewares/Third_Party/FreeRTOS/Source/tasks.o
                0x08009e50                xTaskRemoveFromEventList
 .text.vTaskInternalSetTimeOutState
                0x08009f18       0x2c ./Middlewares/Third_Party/FreeRTOS/Source/tasks.o
                0x08009f18                vTaskInternalSetTimeOutState
 .text.xTaskCheckForTimeOut
                0x08009f44       0xc8 ./Middlewares/Third_Party/FreeRTOS/Source/tasks.o
                0x08009f44                xTaskCheckForTimeOut
 .text.vTaskMissedYield
                0x0800a00c       0x18 ./Middlewares/Third_Party/FreeRTOS/Source/tasks.o
                0x0800a00c                vTaskMissedYield
 .text.prvIdleTask
                0x0800a024       0x30 ./Middlewares/Third_Party/FreeRTOS/Source/tasks.o
 .text.prvInitialiseTaskLists
                0x0800a054       0x80 ./Middlewares/Third_Party/FreeRTOS/Source/tasks.o
 .text.prvCheckTasksWaitingTermination
                0x0800a0d4       0x5c ./Middlewares/Third_Party/FreeRTOS/Source/tasks.o
 .text.prvDeleteTCB
                0x0800a130       0x6a ./Middlewares/Third_Party/FreeRTOS/Source/tasks.o
 *fill*         0x0800a19a        0x2 
 .text.prvResetNextTaskUnblockTime
                0x0800a19c       0x40 ./Middlewares/Third_Party/FreeRTOS/Source/tasks.o
 .text.xTaskGetSchedulerState
                0x0800a1dc       0x3c ./Middlewares/Third_Party/FreeRTOS/Source/tasks.o
                0x0800a1dc                xTaskGetSchedulerState
 .text.xTaskPriorityDisinherit
                0x0800a218       0xe0 ./Middlewares/Third_Party/FreeRTOS/Source/tasks.o
                0x0800a218                xTaskPriorityDisinherit
 .text.prvAddCurrentTaskToDelayedList
                0x0800a2f8       0xa8 ./Middlewares/Third_Party/FreeRTOS/Source/tasks.o
 .text.xTimerCreateTimerTask
                0x0800a3a0       0x94 ./Middlewares/Third_Party/FreeRTOS/Source/timers.o
                0x0800a3a0                xTimerCreateTimerTask
 .text.xTimerGenericCommand
                0x0800a434       0x9c ./Middlewares/Third_Party/FreeRTOS/Source/timers.o
                0x0800a434                xTimerGenericCommand
 .text.prvProcessExpiredTimer
                0x0800a4d0       0x9c ./Middlewares/Third_Party/FreeRTOS/Source/timers.o
 .text.prvTimerTask
                0x0800a56c       0x26 ./Middlewares/Third_Party/FreeRTOS/Source/timers.o
 *fill*         0x0800a592        0x2 
 .text.prvProcessTimerOrBlockTask
                0x0800a594       0x9c ./Middlewares/Third_Party/FreeRTOS/Source/timers.o
 .text.prvGetNextExpireTime
                0x0800a630       0x48 ./Middlewares/Third_Party/FreeRTOS/Source/timers.o
 .text.prvSampleTimeNow
                0x0800a678       0x40 ./Middlewares/Third_Party/FreeRTOS/Source/timers.o
 .text.prvInsertTimerInActiveList
                0x0800a6b8       0x84 ./Middlewares/Third_Party/FreeRTOS/Source/timers.o
 .text.prvProcessReceivedCommands
                0x0800a73c      0x1cc ./Middlewares/Third_Party/FreeRTOS/Source/timers.o
 .text.prvSwitchTimerLists
                0x0800a908       0xcc ./Middlewares/Third_Party/FreeRTOS/Source/timers.o
 .text.prvCheckForValidListAndQueue
                0x0800a9d4       0x80 ./Middlewares/Third_Party/FreeRTOS/Source/timers.o
 .text.pxPortInitialiseStack
                0x0800aa54       0x68 ./Middlewares/Third_Party/FreeRTOS/Source/portable/GCC/ARM_CM4F/port.o
                0x0800aa54                pxPortInitialiseStack
 .text.prvTaskExitError
                0x0800aabc       0x5c ./Middlewares/Third_Party/FreeRTOS/Source/portable/GCC/ARM_CM4F/port.o
 *fill*         0x0800ab18        0x8 
 .text.SVC_Handler
                0x0800ab20       0x28 ./Middlewares/Third_Party/FreeRTOS/Source/portable/GCC/ARM_CM4F/port.o
                0x0800ab20                SVC_Handler
 .text.prvPortStartFirstTask
                0x0800ab48       0x28 ./Middlewares/Third_Party/FreeRTOS/Source/portable/GCC/ARM_CM4F/port.o
 .text.xPortStartScheduler
                0x0800ab70      0x148 ./Middlewares/Third_Party/FreeRTOS/Source/portable/GCC/ARM_CM4F/port.o
                0x0800ab70                xPortStartScheduler
 .text.vPortEnterCritical
                0x0800acb8       0x64 ./Middlewares/Third_Party/FreeRTOS/Source/portable/GCC/ARM_CM4F/port.o
                0x0800acb8                vPortEnterCritical
 .text.vPortExitCritical
                0x0800ad1c       0x54 ./Middlewares/Third_Party/FreeRTOS/Source/portable/GCC/ARM_CM4F/port.o
                0x0800ad1c                vPortExitCritical
 .text.PendSV_Handler
                0x0800ad70       0x68 ./Middlewares/Third_Party/FreeRTOS/Source/portable/GCC/ARM_CM4F/port.o
                0x0800ad70                PendSV_Handler
 .text.xPortSysTickHandler
                0x0800add8       0x44 ./Middlewares/Third_Party/FreeRTOS/Source/portable/GCC/ARM_CM4F/port.o
                0x0800add8                xPortSysTickHandler
 .text.vPortSetupTimerInterrupt
                0x0800ae1c       0x48 ./Middlewares/Third_Party/FreeRTOS/Source/portable/GCC/ARM_CM4F/port.o
                0x0800ae1c                vPortSetupTimerInterrupt
 .text.vPortEnableVFP
                0x0800ae64       0x14 ./Middlewares/Third_Party/FreeRTOS/Source/portable/GCC/ARM_CM4F/port.o
 .text.vPortValidateInterruptPriority
                0x0800ae78       0x84 ./Middlewares/Third_Party/FreeRTOS/Source/portable/GCC/ARM_CM4F/port.o
                0x0800ae78                vPortValidateInterruptPriority
 .text.pvPortMalloc
                0x0800aefc      0x19c ./Middlewares/Third_Party/FreeRTOS/Source/portable/MemMang/heap_4.o
                0x0800aefc                pvPortMalloc
 .text.vPortFree
                0x0800b098       0xc8 ./Middlewares/Third_Party/FreeRTOS/Source/portable/MemMang/heap_4.o
                0x0800b098                vPortFree
 .text.prvHeapInit
                0x0800b160       0xc4 ./Middlewares/Third_Party/FreeRTOS/Source/portable/MemMang/heap_4.o
 .text.prvInsertBlockIntoFreeList
                0x0800b224       0xb4 ./Middlewares/Third_Party/FreeRTOS/Source/portable/MemMang/heap_4.o
 .text.memset   0x0800b2d8       0x10 E:/CubeIDE/STM32CubeIDE_1.16.1/STM32CubeIDE/plugins/com.st.stm32cube.ide.mcu.externaltools.gnu-tools-for-stm32.12.3.rel1.win32_1.0.200.202406191623/tools/bin/../lib/gcc/arm-none-eabi/12.3.1/../../../../arm-none-eabi/lib/thumb/v7e-m+dp/hard\libc_nano.a(libc_a-memset.o)
                0x0800b2d8                memset
 .text._reclaim_reent
                0x0800b2e8       0xac E:/CubeIDE/STM32CubeIDE_1.16.1/STM32CubeIDE/plugins/com.st.stm32cube.ide.mcu.externaltools.gnu-tools-for-stm32.12.3.rel1.win32_1.0.200.202406191623/tools/bin/../lib/gcc/arm-none-eabi/12.3.1/../../../../arm-none-eabi/lib/thumb/v7e-m+dp/hard\libc_nano.a(libc_a-reent.o)
                0x0800b2e8                _reclaim_reent
 .text.__libc_init_array
                0x0800b394       0x48 E:/CubeIDE/STM32CubeIDE_1.16.1/STM32CubeIDE/plugins/com.st.stm32cube.ide.mcu.externaltools.gnu-tools-for-stm32.12.3.rel1.win32_1.0.200.202406191623/tools/bin/../lib/gcc/arm-none-eabi/12.3.1/../../../../arm-none-eabi/lib/thumb/v7e-m+dp/hard\libc_nano.a(libc_a-init.o)
                0x0800b394                __libc_init_array
 .text.__retarget_lock_acquire_recursive
                0x0800b3dc        0x2 E:/CubeIDE/STM32CubeIDE_1.16.1/STM32CubeIDE/plugins/com.st.stm32cube.ide.mcu.externaltools.gnu-tools-for-stm32.12.3.rel1.win32_1.0.200.202406191623/tools/bin/../lib/gcc/arm-none-eabi/12.3.1/../../../../arm-none-eabi/lib/thumb/v7e-m+dp/hard\libc_nano.a(libc_a-lock.o)
                0x0800b3dc                __retarget_lock_acquire_recursive
 .text.__retarget_lock_release_recursive
                0x0800b3de        0x2 E:/CubeIDE/STM32CubeIDE_1.16.1/STM32CubeIDE/plugins/com.st.stm32cube.ide.mcu.externaltools.gnu-tools-for-stm32.12.3.rel1.win32_1.0.200.202406191623/tools/bin/../lib/gcc/arm-none-eabi/12.3.1/../../../../arm-none-eabi/lib/thumb/v7e-m+dp/hard\libc_nano.a(libc_a-lock.o)
                0x0800b3de                __retarget_lock_release_recursive
 .text.memcpy   0x0800b3e0       0x1c E:/CubeIDE/STM32CubeIDE_1.16.1/STM32CubeIDE/plugins/com.st.stm32cube.ide.mcu.externaltools.gnu-tools-for-stm32.12.3.rel1.win32_1.0.200.202406191623/tools/bin/../lib/gcc/arm-none-eabi/12.3.1/../../../../arm-none-eabi/lib/thumb/v7e-m+dp/hard\libc_nano.a(libc_a-memcpy-stub.o)
                0x0800b3e0                memcpy
 .text._free_r  0x0800b3fc       0x94 E:/CubeIDE/STM32CubeIDE_1.16.1/STM32CubeIDE/plugins/com.st.stm32cube.ide.mcu.externaltools.gnu-tools-for-stm32.12.3.rel1.win32_1.0.200.202406191623/tools/bin/../lib/gcc/arm-none-eabi/12.3.1/../../../../arm-none-eabi/lib/thumb/v7e-m+dp/hard\libc_nano.a(libc_a-freer.o)
                0x0800b3fc                _free_r
 .text.__malloc_lock
                0x0800b490        0xc E:/CubeIDE/STM32CubeIDE_1.16.1/STM32CubeIDE/plugins/com.st.stm32cube.ide.mcu.externaltools.gnu-tools-for-stm32.12.3.rel1.win32_1.0.200.202406191623/tools/bin/../lib/gcc/arm-none-eabi/12.3.1/../../../../arm-none-eabi/lib/thumb/v7e-m+dp/hard\libc_nano.a(libc_a-mlock.o)
                0x0800b490                __malloc_lock
 .text.__malloc_unlock
                0x0800b49c        0xc E:/CubeIDE/STM32CubeIDE_1.16.1/STM32CubeIDE/plugins/com.st.stm32cube.ide.mcu.externaltools.gnu-tools-for-stm32.12.3.rel1.win32_1.0.200.202406191623/tools/bin/../lib/gcc/arm-none-eabi/12.3.1/../../../../arm-none-eabi/lib/thumb/v7e-m+dp/hard\libc_nano.a(libc_a-mlock.o)
                0x0800b49c                __malloc_unlock
 *(.glue_7)
 .glue_7        0x0800b4a8        0x0 linker stubs
 *(.glue_7t)
 .glue_7t       0x0800b4a8        0x0 linker stubs
 *(.eh_frame)
 .eh_frame      0x0800b4a8        0x0 E:/CubeIDE/STM32CubeIDE_1.16.1/STM32CubeIDE/plugins/com.st.stm32cube.ide.mcu.externaltools.gnu-tools-for-stm32.12.3.rel1.win32_1.0.200.202406191623/tools/bin/../lib/gcc/arm-none-eabi/12.3.1/thumb/v7e-m+dp/hard/crtbegin.o
 *(.init)
 .init          0x0800b4a8        0x4 E:/CubeIDE/STM32CubeIDE_1.16.1/STM32CubeIDE/plugins/com.st.stm32cube.ide.mcu.externaltools.gnu-tools-for-stm32.12.3.rel1.win32_1.0.200.202406191623/tools/bin/../lib/gcc/arm-none-eabi/12.3.1/thumb/v7e-m+dp/hard/crti.o
                0x0800b4a8                _init
 .init          0x0800b4ac        0x8 E:/CubeIDE/STM32CubeIDE_1.16.1/STM32CubeIDE/plugins/com.st.stm32cube.ide.mcu.externaltools.gnu-tools-for-stm32.12.3.rel1.win32_1.0.200.202406191623/tools/bin/../lib/gcc/arm-none-eabi/12.3.1/thumb/v7e-m+dp/hard/crtn.o
 *(.fini)
 .fini          0x0800b4b4        0x4 E:/CubeIDE/STM32CubeIDE_1.16.1/STM32CubeIDE/plugins/com.st.stm32cube.ide.mcu.externaltools.gnu-tools-for-stm32.12.3.rel1.win32_1.0.200.202406191623/tools/bin/../lib/gcc/arm-none-eabi/12.3.1/thumb/v7e-m+dp/hard/crti.o
                0x0800b4b4                _fini
 .fini          0x0800b4b8        0x8 E:/CubeIDE/STM32CubeIDE_1.16.1/STM32CubeIDE/plugins/com.st.stm32cube.ide.mcu.externaltools.gnu-tools-for-stm32.12.3.rel1.win32_1.0.200.202406191623/tools/bin/../lib/gcc/arm-none-eabi/12.3.1/thumb/v7e-m+dp/hard/crtn.o
                0x0800b4c0                        . = ALIGN (0x4)
                0x0800b4c0                        _etext = .

.vfp11_veneer   0x0800b4c0        0x0
 .vfp11_veneer  0x0800b4c0        0x0 linker stubs

.v4_bx          0x0800b4c0        0x0
 .v4_bx         0x0800b4c0        0x0 linker stubs

.iplt           0x0800b4c0        0x0
 .iplt          0x0800b4c0        0x0 E:/CubeIDE/STM32CubeIDE_1.16.1/STM32CubeIDE/plugins/com.st.stm32cube.ide.mcu.externaltools.gnu-tools-for-stm32.12.3.rel1.win32_1.0.200.202406191623/tools/bin/../lib/gcc/arm-none-eabi/12.3.1/thumb/v7e-m+dp/hard/crtbegin.o

.rodata         0x0800b4c0       0xb4
                0x0800b4c0                        . = ALIGN (0x4)
 *(.rodata)
 .rodata        0x0800b4c0       0x1a ./Core/Src/main.o
 *fill*         0x0800b4da        0x2 
 .rodata        0x0800b4dc        0x5 ./Middlewares/Third_Party/FreeRTOS/Source/tasks.o
 *fill*         0x0800b4e1        0x3 
 .rodata        0x0800b4e4        0xd ./Middlewares/Third_Party/FreeRTOS/Source/timers.o
 *(.rodata*)
 *fill*         0x0800b4f1        0x3 
 .rodata.defaultTask_attributes
                0x0800b4f4       0x24 ./Core/Src/main.o
                0x0800b4f4                defaultTask_attributes
 .rodata.motor_control_attributes
                0x0800b518       0x24 ./Core/Src/main.o
                0x0800b518                motor_control_attributes
 .rodata.D1CorePrescTable
                0x0800b53c       0x10 ./Core/Src/system_stm32h7xx.o
                0x0800b53c                D1CorePrescTable
 .rodata.UARTPrescTable
                0x0800b54c       0x18 ./Drivers/STM32H7xx_HAL_Driver/Src/stm32h7xx_hal_uart.o
                0x0800b54c                UARTPrescTable
 .rodata.numerator.1
                0x0800b564        0x8 ./Drivers/STM32H7xx_HAL_Driver/Src/stm32h7xx_hal_uart_ex.o
 .rodata.denominator.0
                0x0800b56c        0x8 ./Drivers/STM32H7xx_HAL_Driver/Src/stm32h7xx_hal_uart_ex.o
                0x0800b574                        . = ALIGN (0x4)

.ARM.extab
 *(.ARM.extab* .gnu.linkonce.armextab.*)

.ARM            0x0800b574        0x8
                0x0800b574                        __exidx_start = .
 *(.ARM.exidx*)
 .ARM.exidx     0x0800b574        0x8 E:/CubeIDE/STM32CubeIDE_1.16.1/STM32CubeIDE/plugins/com.st.stm32cube.ide.mcu.externaltools.gnu-tools-for-stm32.12.3.rel1.win32_1.0.200.202406191623/tools/bin/../lib/gcc/arm-none-eabi/12.3.1/thumb/v7e-m+dp/hard\libgcc.a(_udivmoddi4.o)
                0x0800b57c                        __exidx_end = .

.preinit_array  0x0800b57c        0x0
                0x0800b57c                        PROVIDE (__preinit_array_start = .)
 *(.preinit_array*)
                0x0800b57c                        PROVIDE (__preinit_array_end = .)

.init_array     0x0800b57c        0x4
                0x0800b57c                        PROVIDE (__init_array_start = .)
 *(SORT_BY_NAME(.init_array.*))
 *(.init_array*)
 .init_array    0x0800b57c        0x4 E:/CubeIDE/STM32CubeIDE_1.16.1/STM32CubeIDE/plugins/com.st.stm32cube.ide.mcu.externaltools.gnu-tools-for-stm32.12.3.rel1.win32_1.0.200.202406191623/tools/bin/../lib/gcc/arm-none-eabi/12.3.1/thumb/v7e-m+dp/hard/crtbegin.o
                0x0800b580                        PROVIDE (__init_array_end = .)

.fini_array     0x0800b580        0x4
                [!provide]                        PROVIDE (__fini_array_start = .)
 *(SORT_BY_NAME(.fini_array.*))
 *(.fini_array*)
 .fini_array    0x0800b580        0x4 E:/CubeIDE/STM32CubeIDE_1.16.1/STM32CubeIDE/plugins/com.st.stm32cube.ide.mcu.externaltools.gnu-tools-for-stm32.12.3.rel1.win32_1.0.200.202406191623/tools/bin/../lib/gcc/arm-none-eabi/12.3.1/thumb/v7e-m+dp/hard/crtbegin.o
                [!provide]                        PROVIDE (__fini_array_end = .)
                0x0800b584                        _sidata = LOADADDR (.data)

.rel.dyn        0x0800b584        0x0
 .rel.iplt      0x0800b584        0x0 E:/CubeIDE/STM32CubeIDE_1.16.1/STM32CubeIDE/plugins/com.st.stm32cube.ide.mcu.externaltools.gnu-tools-for-stm32.12.3.rel1.win32_1.0.200.202406191623/tools/bin/../lib/gcc/arm-none-eabi/12.3.1/thumb/v7e-m+dp/hard/crtbegin.o

.data           0x24000000       0x64 load address 0x0800b584
                0x24000000                        . = ALIGN (0x4)
                0x24000000                        _sdata = .
 *(.data)
 *(.data*)
 .data.SystemCoreClock
                0x24000000        0x4 ./Core/Src/system_stm32h7xx.o
                0x24000000                SystemCoreClock
 .data.SystemD2Clock
                0x24000004        0x4 ./Core/Src/system_stm32h7xx.o
                0x24000004                SystemD2Clock
 .data.uwTickPrio
                0x24000008        0x4 ./Drivers/STM32H7xx_HAL_Driver/Src/stm32h7xx_hal.o
                0x24000008                uwTickPrio
 .data.uwTickFreq
                0x2400000c        0x1 ./Drivers/STM32H7xx_HAL_Driver/Src/stm32h7xx_hal.o
                0x2400000c                uwTickFreq
 *fill*         0x2400000d        0x3 
 .data.uxCriticalNesting
                0x24000010        0x4 ./Middlewares/Third_Party/FreeRTOS/Source/portable/GCC/ARM_CM4F/port.o
 .data._impure_ptr
                0x24000014        0x4 E:/CubeIDE/STM32CubeIDE_1.16.1/STM32CubeIDE/plugins/com.st.stm32cube.ide.mcu.externaltools.gnu-tools-for-stm32.12.3.rel1.win32_1.0.200.202406191623/tools/bin/../lib/gcc/arm-none-eabi/12.3.1/../../../../arm-none-eabi/lib/thumb/v7e-m+dp/hard\libc_nano.a(libc_a-impure.o)
                0x24000014                _impure_ptr
 .data._impure_data
                0x24000018       0x4c E:/CubeIDE/STM32CubeIDE_1.16.1/STM32CubeIDE/plugins/com.st.stm32cube.ide.mcu.externaltools.gnu-tools-for-stm32.12.3.rel1.win32_1.0.200.202406191623/tools/bin/../lib/gcc/arm-none-eabi/12.3.1/../../../../arm-none-eabi/lib/thumb/v7e-m+dp/hard\libc_nano.a(libc_a-impure.o)
                0x24000018                _impure_data
 *(.RamFunc)
 *(.RamFunc*)
                0x24000064                        . = ALIGN (0x4)
                0x24000064                        _edata = .

.igot.plt       0x24000064        0x0 load address 0x0800b5e8
 .igot.plt      0x24000064        0x0 E:/CubeIDE/STM32CubeIDE_1.16.1/STM32CubeIDE/plugins/com.st.stm32cube.ide.mcu.externaltools.gnu-tools-for-stm32.12.3.rel1.win32_1.0.200.202406191623/tools/bin/../lib/gcc/arm-none-eabi/12.3.1/thumb/v7e-m+dp/hard/crtbegin.o

.RxDecripSection
                0x24000064       0x60 load address 0x0800b5e8
 .RxDecripSection
                0x24000064       0x60 ./Core/Src/main.o
                0x24000064                DMARxDscrTab

.TxDecripSection
                0x240000c4       0x60 load address 0x0800b648
 .TxDecripSection
                0x240000c4       0x60 ./Core/Src/main.o
                0x240000c4                DMATxDscrTab
                0x24000124                        . = ALIGN (0x4)

.bss            0x24000124     0x52c4 load address 0x0800b6a8
                0x24000124                        _sbss = .
                0x24000124                        __bss_start__ = _sbss
 *(.bss)
 .bss           0x24000124       0x1c E:/CubeIDE/STM32CubeIDE_1.16.1/STM32CubeIDE/plugins/com.st.stm32cube.ide.mcu.externaltools.gnu-tools-for-stm32.12.3.rel1.win32_1.0.200.202406191623/tools/bin/../lib/gcc/arm-none-eabi/12.3.1/thumb/v7e-m+dp/hard/crtbegin.o
 *(.bss*)
 .bss.TxConfig  0x24000140       0x38 ./Core/Src/main.o
                0x24000140                TxConfig
 .bss.heth      0x24000178       0xb0 ./Core/Src/main.o
                0x24000178                heth
 .bss.htim1     0x24000228       0x4c ./Core/Src/main.o
                0x24000228                htim1
 .bss.htim3     0x24000274       0x4c ./Core/Src/main.o
                0x24000274                htim3
 .bss.huart3    0x240002c0       0x94 ./Core/Src/main.o
                0x240002c0                huart3
 .bss.hpcd_USB_OTG_FS
                0x24000354      0x4e4 ./Core/Src/main.o
                0x24000354                hpcd_USB_OTG_FS
 .bss.defaultTaskHandle
                0x24000838        0x4 ./Core/Src/main.o
                0x24000838                defaultTaskHandle
 .bss.motor_controlHandle
                0x2400083c        0x4 ./Core/Src/main.o
                0x2400083c                motor_controlHandle
 .bss.enc_instance
                0x24000840       0x10 ./Core/Src/main.o
                0x24000840                enc_instance
 .bss.encoder_velocity
                0x24000850        0x4 ./Core/Src/main.o
                0x24000850                encoder_velocity
 .bss.encoder_position
                0x24000854        0x4 ./Core/Src/main.o
                0x24000854                encoder_position
 .bss.timer_counter
                0x24000858        0x4 ./Core/Src/main.o
                0x24000858                timer_counter
 .bss.rpm       0x2400085c        0x4 ./Core/Src/main.o
                0x2400085c                rpm
 .bss.MACAddr.0
                0x24000860        0x6 ./Core/Src/main.o
 *fill*         0x24000866        0x2 
 .bss.last_time.1
                0x24000868        0x4 ./Core/Src/motor_control.o
 .bss.first_time.0
                0x2400086c        0x4 ./Core/Src/motor_control.o
 .bss.htim2     0x24000870       0x4c ./Core/Src/stm32h7xx_hal_timebase_tim.o
                0x24000870                htim2
 .bss.uwTick    0x240008bc        0x4 ./Drivers/STM32H7xx_HAL_Driver/Src/stm32h7xx_hal.o
                0x240008bc                uwTick
 .bss.KernelState
                0x240008c0        0x4 ./Middlewares/Third_Party/FreeRTOS/Source/CMSIS_RTOS_V2/cmsis_os2.o
 .bss.Idle_TCB.3
                0x240008c4       0xa8 ./Middlewares/Third_Party/FreeRTOS/Source/CMSIS_RTOS_V2/cmsis_os2.o
 .bss.Idle_Stack.2
                0x2400096c      0x200 ./Middlewares/Third_Party/FreeRTOS/Source/CMSIS_RTOS_V2/cmsis_os2.o
 .bss.Timer_TCB.1
                0x24000b6c       0xa8 ./Middlewares/Third_Party/FreeRTOS/Source/CMSIS_RTOS_V2/cmsis_os2.o
 .bss.Timer_Stack.0
                0x24000c14      0x400 ./Middlewares/Third_Party/FreeRTOS/Source/CMSIS_RTOS_V2/cmsis_os2.o
 .bss.xQueueRegistry
                0x24001014       0x40 ./Middlewares/Third_Party/FreeRTOS/Source/queue.o
                0x24001014                xQueueRegistry
 .bss.pxCurrentTCB
                0x24001054        0x4 ./Middlewares/Third_Party/FreeRTOS/Source/tasks.o
                0x24001054                pxCurrentTCB
 .bss.pxReadyTasksLists
                0x24001058      0x460 ./Middlewares/Third_Party/FreeRTOS/Source/tasks.o
 .bss.xDelayedTaskList1
                0x240014b8       0x14 ./Middlewares/Third_Party/FreeRTOS/Source/tasks.o
 .bss.xDelayedTaskList2
                0x240014cc       0x14 ./Middlewares/Third_Party/FreeRTOS/Source/tasks.o
 .bss.pxDelayedTaskList
                0x240014e0        0x4 ./Middlewares/Third_Party/FreeRTOS/Source/tasks.o
 .bss.pxOverflowDelayedTaskList
                0x240014e4        0x4 ./Middlewares/Third_Party/FreeRTOS/Source/tasks.o
 .bss.xPendingReadyList
                0x240014e8       0x14 ./Middlewares/Third_Party/FreeRTOS/Source/tasks.o
 .bss.xTasksWaitingTermination
                0x240014fc       0x14 ./Middlewares/Third_Party/FreeRTOS/Source/tasks.o
 .bss.uxDeletedTasksWaitingCleanUp
                0x24001510        0x4 ./Middlewares/Third_Party/FreeRTOS/Source/tasks.o
 .bss.xSuspendedTaskList
                0x24001514       0x14 ./Middlewares/Third_Party/FreeRTOS/Source/tasks.o
 .bss.uxCurrentNumberOfTasks
                0x24001528        0x4 ./Middlewares/Third_Party/FreeRTOS/Source/tasks.o
 .bss.xTickCount
                0x2400152c        0x4 ./Middlewares/Third_Party/FreeRTOS/Source/tasks.o
 .bss.uxTopReadyPriority
                0x24001530        0x4 ./Middlewares/Third_Party/FreeRTOS/Source/tasks.o
 .bss.xSchedulerRunning
                0x24001534        0x4 ./Middlewares/Third_Party/FreeRTOS/Source/tasks.o
 .bss.xPendedTicks
                0x24001538        0x4 ./Middlewares/Third_Party/FreeRTOS/Source/tasks.o
 .bss.xYieldPending
                0x2400153c        0x4 ./Middlewares/Third_Party/FreeRTOS/Source/tasks.o
 .bss.xNumOfOverflows
                0x24001540        0x4 ./Middlewares/Third_Party/FreeRTOS/Source/tasks.o
 .bss.uxTaskNumber
                0x24001544        0x4 ./Middlewares/Third_Party/FreeRTOS/Source/tasks.o
 .bss.xNextTaskUnblockTime
                0x24001548        0x4 ./Middlewares/Third_Party/FreeRTOS/Source/tasks.o
 .bss.xIdleTaskHandle
                0x2400154c        0x4 ./Middlewares/Third_Party/FreeRTOS/Source/tasks.o
 .bss.uxSchedulerSuspended
                0x24001550        0x4 ./Middlewares/Third_Party/FreeRTOS/Source/tasks.o
 .bss.xActiveTimerList1
                0x24001554       0x14 ./Middlewares/Third_Party/FreeRTOS/Source/timers.o
 .bss.xActiveTimerList2
                0x24001568       0x14 ./Middlewares/Third_Party/FreeRTOS/Source/timers.o
 .bss.pxCurrentTimerList
                0x2400157c        0x4 ./Middlewares/Third_Party/FreeRTOS/Source/timers.o
 .bss.pxOverflowTimerList
                0x24001580        0x4 ./Middlewares/Third_Party/FreeRTOS/Source/timers.o
 .bss.xTimerQueue
                0x24001584        0x4 ./Middlewares/Third_Party/FreeRTOS/Source/timers.o
 .bss.xTimerTaskHandle
                0x24001588        0x4 ./Middlewares/Third_Party/FreeRTOS/Source/timers.o
 .bss.xLastTime.2
                0x2400158c        0x4 ./Middlewares/Third_Party/FreeRTOS/Source/timers.o
 .bss.ucStaticTimerQueueStorage.1
                0x24001590       0xa0 ./Middlewares/Third_Party/FreeRTOS/Source/timers.o
 .bss.xStaticTimerQueue.0
                0x24001630       0x50 ./Middlewares/Third_Party/FreeRTOS/Source/timers.o
 .bss.ucMaxSysCallPriority
                0x24001680        0x1 ./Middlewares/Third_Party/FreeRTOS/Source/portable/GCC/ARM_CM4F/port.o
 *fill*         0x24001681        0x3 
 .bss.ulMaxPRIGROUPValue
                0x24001684        0x4 ./Middlewares/Third_Party/FreeRTOS/Source/portable/GCC/ARM_CM4F/port.o
 .bss.ucHeap    0x24001688     0x3c00 ./Middlewares/Third_Party/FreeRTOS/Source/portable/MemMang/heap_4.o
 .bss.xStart    0x24005288        0x8 ./Middlewares/Third_Party/FreeRTOS/Source/portable/MemMang/heap_4.o
 .bss.pxEnd     0x24005290        0x4 ./Middlewares/Third_Party/FreeRTOS/Source/portable/MemMang/heap_4.o
 .bss.xFreeBytesRemaining
                0x24005294        0x4 ./Middlewares/Third_Party/FreeRTOS/Source/portable/MemMang/heap_4.o
 .bss.xMinimumEverFreeBytesRemaining
                0x24005298        0x4 ./Middlewares/Third_Party/FreeRTOS/Source/portable/MemMang/heap_4.o
 .bss.xNumberOfSuccessfulAllocations
                0x2400529c        0x4 ./Middlewares/Third_Party/FreeRTOS/Source/portable/MemMang/heap_4.o
 .bss.xNumberOfSuccessfulFrees
                0x240052a0        0x4 ./Middlewares/Third_Party/FreeRTOS/Source/portable/MemMang/heap_4.o
 .bss.xBlockAllocatedBit
                0x240052a4        0x4 ./Middlewares/Third_Party/FreeRTOS/Source/portable/MemMang/heap_4.o
 .bss.__sf      0x240052a8      0x138 E:/CubeIDE/STM32CubeIDE_1.16.1/STM32CubeIDE/plugins/com.st.stm32cube.ide.mcu.externaltools.gnu-tools-for-stm32.12.3.rel1.win32_1.0.200.202406191623/tools/bin/../lib/gcc/arm-none-eabi/12.3.1/../../../../arm-none-eabi/lib/thumb/v7e-m+dp/hard\libc_nano.a(libc_a-findfp.o)
                0x240052a8                __sf
 .bss.__lock___malloc_recursive_mutex
                0x240053e0        0x1 E:/CubeIDE/STM32CubeIDE_1.16.1/STM32CubeIDE/plugins/com.st.stm32cube.ide.mcu.externaltools.gnu-tools-for-stm32.12.3.rel1.win32_1.0.200.202406191623/tools/bin/../lib/gcc/arm-none-eabi/12.3.1/../../../../arm-none-eabi/lib/thumb/v7e-m+dp/hard\libc_nano.a(libc_a-lock.o)
                0x240053e0                __lock___malloc_recursive_mutex
 *fill*         0x240053e1        0x3 
 .bss.__malloc_free_list
                0x240053e4        0x4 E:/CubeIDE/STM32CubeIDE_1.16.1/STM32CubeIDE/plugins/com.st.stm32cube.ide.mcu.externaltools.gnu-tools-for-stm32.12.3.rel1.win32_1.0.200.202406191623/tools/bin/../lib/gcc/arm-none-eabi/12.3.1/../../../../arm-none-eabi/lib/thumb/v7e-m+dp/hard\libc_nano.a(libc_a-mallocr.o)
                0x240053e4                __malloc_free_list
 *(COMMON)
                0x240053e8                        . = ALIGN (0x4)
                0x240053e8                        _ebss = .
                0x240053e8                        __bss_end__ = _ebss

._user_heap_stack
                0x240053e8      0x600 load address 0x0800b6a8
                0x240053e8                        . = ALIGN (0x8)
                [!provide]                        PROVIDE (end = .)
                0x240053e8                        PROVIDE (_end = .)
                0x240055e8                        . = (. + _Min_Heap_Size)
 *fill*         0x240053e8      0x200 
                0x240059e8                        . = (. + _Min_Stack_Size)
 *fill*         0x240055e8      0x400 
                0x240059e8                        . = ALIGN (0x8)

/DISCARD/
 libc.a(*)
 libm.a(*)
 libgcc.a(*)

.ARM.attributes
                0x00000000       0x2e
 *(.ARM.attributes)
 .ARM.attributes
                0x00000000       0x20 E:/CubeIDE/STM32CubeIDE_1.16.1/STM32CubeIDE/plugins/com.st.stm32cube.ide.mcu.externaltools.gnu-tools-for-stm32.12.3.rel1.win32_1.0.200.202406191623/tools/bin/../lib/gcc/arm-none-eabi/12.3.1/thumb/v7e-m+dp/hard/crti.o
 .ARM.attributes
                0x00000020       0x32 E:/CubeIDE/STM32CubeIDE_1.16.1/STM32CubeIDE/plugins/com.st.stm32cube.ide.mcu.externaltools.gnu-tools-for-stm32.12.3.rel1.win32_1.0.200.202406191623/tools/bin/../lib/gcc/arm-none-eabi/12.3.1/thumb/v7e-m+dp/hard/crtbegin.o
 .ARM.attributes
                0x00000052       0x32 ./Core/Src/main.o
 .ARM.attributes
                0x00000084       0x32 ./Core/Src/motor_control.o
 .ARM.attributes
                0x000000b6       0x32 ./Core/Src/stm32h7xx_hal_msp.o
 .ARM.attributes
                0x000000e8       0x32 ./Core/Src/stm32h7xx_hal_timebase_tim.o
 .ARM.attributes
                0x0000011a       0x32 ./Core/Src/stm32h7xx_it.o
 .ARM.attributes
                0x0000014c       0x32 ./Core/Src/system_stm32h7xx.o
 .ARM.attributes
                0x0000017e       0x21 ./Core/Startup/startup_stm32h753zitx.o
 .ARM.attributes
                0x0000019f       0x32 ./Drivers/STM32H7xx_HAL_Driver/Src/stm32h7xx_hal.o
 .ARM.attributes
                0x000001d1       0x32 ./Drivers/STM32H7xx_HAL_Driver/Src/stm32h7xx_hal_cortex.o
 .ARM.attributes
                0x00000203       0x32 ./Drivers/STM32H7xx_HAL_Driver/Src/stm32h7xx_hal_eth.o
 .ARM.attributes
                0x00000235       0x32 ./Drivers/STM32H7xx_HAL_Driver/Src/stm32h7xx_hal_gpio.o
 .ARM.attributes
                0x00000267       0x32 ./Drivers/STM32H7xx_HAL_Driver/Src/stm32h7xx_hal_pcd.o
 .ARM.attributes
                0x00000299       0x32 ./Drivers/STM32H7xx_HAL_Driver/Src/stm32h7xx_hal_pcd_ex.o
 .ARM.attributes
                0x000002cb       0x32 ./Drivers/STM32H7xx_HAL_Driver/Src/stm32h7xx_hal_pwr_ex.o
 .ARM.attributes
                0x000002fd       0x32 ./Drivers/STM32H7xx_HAL_Driver/Src/stm32h7xx_hal_rcc.o
 .ARM.attributes
                0x0000032f       0x32 ./Drivers/STM32H7xx_HAL_Driver/Src/stm32h7xx_hal_rcc_ex.o
 .ARM.attributes
                0x00000361       0x32 ./Drivers/STM32H7xx_HAL_Driver/Src/stm32h7xx_hal_tim.o
 .ARM.attributes
                0x00000393       0x32 ./Drivers/STM32H7xx_HAL_Driver/Src/stm32h7xx_hal_tim_ex.o
 .ARM.attributes
                0x000003c5       0x32 ./Drivers/STM32H7xx_HAL_Driver/Src/stm32h7xx_hal_uart.o
 .ARM.attributes
                0x000003f7       0x32 ./Drivers/STM32H7xx_HAL_Driver/Src/stm32h7xx_hal_uart_ex.o
 .ARM.attributes
                0x00000429       0x32 ./Drivers/STM32H7xx_HAL_Driver/Src/stm32h7xx_ll_usb.o
 .ARM.attributes
                0x0000045b       0x32 ./Middlewares/Third_Party/FreeRTOS/Source/CMSIS_RTOS_V2/cmsis_os2.o
 .ARM.attributes
                0x0000048d       0x32 ./Middlewares/Third_Party/FreeRTOS/Source/list.o
 .ARM.attributes
                0x000004bf       0x32 ./Middlewares/Third_Party/FreeRTOS/Source/queue.o
 .ARM.attributes
                0x000004f1       0x32 ./Middlewares/Third_Party/FreeRTOS/Source/tasks.o
 .ARM.attributes
                0x00000523       0x32 ./Middlewares/Third_Party/FreeRTOS/Source/timers.o
 .ARM.attributes
                0x00000555       0x32 ./Middlewares/Third_Party/FreeRTOS/Source/portable/GCC/ARM_CM4F/port.o
 .ARM.attributes
                0x00000587       0x32 ./Middlewares/Third_Party/FreeRTOS/Source/portable/MemMang/heap_4.o
 .ARM.attributes
                0x000005b9       0x32 E:/CubeIDE/STM32CubeIDE_1.16.1/STM32CubeIDE/plugins/com.st.stm32cube.ide.mcu.externaltools.gnu-tools-for-stm32.12.3.rel1.win32_1.0.200.202406191623/tools/bin/../lib/gcc/arm-none-eabi/12.3.1/../../../../arm-none-eabi/lib/thumb/v7e-m+dp/hard\libc_nano.a(libc_a-findfp.o)
 .ARM.attributes
                0x000005eb       0x32 E:/CubeIDE/STM32CubeIDE_1.16.1/STM32CubeIDE/plugins/com.st.stm32cube.ide.mcu.externaltools.gnu-tools-for-stm32.12.3.rel1.win32_1.0.200.202406191623/tools/bin/../lib/gcc/arm-none-eabi/12.3.1/../../../../arm-none-eabi/lib/thumb/v7e-m+dp/hard\libc_nano.a(libc_a-memset.o)
 .ARM.attributes
                0x0000061d       0x32 E:/CubeIDE/STM32CubeIDE_1.16.1/STM32CubeIDE/plugins/com.st.stm32cube.ide.mcu.externaltools.gnu-tools-for-stm32.12.3.rel1.win32_1.0.200.202406191623/tools/bin/../lib/gcc/arm-none-eabi/12.3.1/../../../../arm-none-eabi/lib/thumb/v7e-m+dp/hard\libc_nano.a(libc_a-reent.o)
 .ARM.attributes
                0x0000064f       0x32 E:/CubeIDE/STM32CubeIDE_1.16.1/STM32CubeIDE/plugins/com.st.stm32cube.ide.mcu.externaltools.gnu-tools-for-stm32.12.3.rel1.win32_1.0.200.202406191623/tools/bin/../lib/gcc/arm-none-eabi/12.3.1/../../../../arm-none-eabi/lib/thumb/v7e-m+dp/hard\libc_nano.a(libc_a-impure.o)
 .ARM.attributes
                0x00000681       0x32 E:/CubeIDE/STM32CubeIDE_1.16.1/STM32CubeIDE/plugins/com.st.stm32cube.ide.mcu.externaltools.gnu-tools-for-stm32.12.3.rel1.win32_1.0.200.202406191623/tools/bin/../lib/gcc/arm-none-eabi/12.3.1/../../../../arm-none-eabi/lib/thumb/v7e-m+dp/hard\libc_nano.a(libc_a-init.o)
 .ARM.attributes
                0x000006b3       0x32 E:/CubeIDE/STM32CubeIDE_1.16.1/STM32CubeIDE/plugins/com.st.stm32cube.ide.mcu.externaltools.gnu-tools-for-stm32.12.3.rel1.win32_1.0.200.202406191623/tools/bin/../lib/gcc/arm-none-eabi/12.3.1/../../../../arm-none-eabi/lib/thumb/v7e-m+dp/hard\libc_nano.a(libc_a-lock.o)
 .ARM.attributes
                0x000006e5       0x32 E:/CubeIDE/STM32CubeIDE_1.16.1/STM32CubeIDE/plugins/com.st.stm32cube.ide.mcu.externaltools.gnu-tools-for-stm32.12.3.rel1.win32_1.0.200.202406191623/tools/bin/../lib/gcc/arm-none-eabi/12.3.1/../../../../arm-none-eabi/lib/thumb/v7e-m+dp/hard\libc_nano.a(libc_a-memcpy-stub.o)
 .ARM.attributes
                0x00000717       0x32 E:/CubeIDE/STM32CubeIDE_1.16.1/STM32CubeIDE/plugins/com.st.stm32cube.ide.mcu.externaltools.gnu-tools-for-stm32.12.3.rel1.win32_1.0.200.202406191623/tools/bin/../lib/gcc/arm-none-eabi/12.3.1/../../../../arm-none-eabi/lib/thumb/v7e-m+dp/hard\libc_nano.a(libc_a-freer.o)
 .ARM.attributes
                0x00000749       0x32 E:/CubeIDE/STM32CubeIDE_1.16.1/STM32CubeIDE/plugins/com.st.stm32cube.ide.mcu.externaltools.gnu-tools-for-stm32.12.3.rel1.win32_1.0.200.202406191623/tools/bin/../lib/gcc/arm-none-eabi/12.3.1/../../../../arm-none-eabi/lib/thumb/v7e-m+dp/hard\libc_nano.a(libc_a-mallocr.o)
 .ARM.attributes
                0x0000077b       0x32 E:/CubeIDE/STM32CubeIDE_1.16.1/STM32CubeIDE/plugins/com.st.stm32cube.ide.mcu.externaltools.gnu-tools-for-stm32.12.3.rel1.win32_1.0.200.202406191623/tools/bin/../lib/gcc/arm-none-eabi/12.3.1/../../../../arm-none-eabi/lib/thumb/v7e-m+dp/hard\libc_nano.a(libc_a-mlock.o)
 .ARM.attributes
                0x000007ad       0x20 E:/CubeIDE/STM32CubeIDE_1.16.1/STM32CubeIDE/plugins/com.st.stm32cube.ide.mcu.externaltools.gnu-tools-for-stm32.12.3.rel1.win32_1.0.200.202406191623/tools/bin/../lib/gcc/arm-none-eabi/12.3.1/thumb/v7e-m+dp/hard\libgcc.a(_aeabi_uldivmod.o)
 .ARM.attributes
                0x000007cd       0x32 E:/CubeIDE/STM32CubeIDE_1.16.1/STM32CubeIDE/plugins/com.st.stm32cube.ide.mcu.externaltools.gnu-tools-for-stm32.12.3.rel1.win32_1.0.200.202406191623/tools/bin/../lib/gcc/arm-none-eabi/12.3.1/thumb/v7e-m+dp/hard\libgcc.a(_udivmoddi4.o)
 .ARM.attributes
                0x000007ff       0x20 E:/CubeIDE/STM32CubeIDE_1.16.1/STM32CubeIDE/plugins/com.st.stm32cube.ide.mcu.externaltools.gnu-tools-for-stm32.12.3.rel1.win32_1.0.200.202406191623/tools/bin/../lib/gcc/arm-none-eabi/12.3.1/thumb/v7e-m+dp/hard\libgcc.a(_dvmd_tls.o)
 .ARM.attributes
                0x0000081f       0x20 E:/CubeIDE/STM32CubeIDE_1.16.1/STM32CubeIDE/plugins/com.st.stm32cube.ide.mcu.externaltools.gnu-tools-for-stm32.12.3.rel1.win32_1.0.200.202406191623/tools/bin/../lib/gcc/arm-none-eabi/12.3.1/thumb/v7e-m+dp/hard/crtn.o
OUTPUT(Stepper_control.elf elf32-littlearm)
LOAD linker stubs
LOAD E:/CubeIDE/STM32CubeIDE_1.16.1/STM32CubeIDE/plugins/com.st.stm32cube.ide.mcu.externaltools.gnu-tools-for-stm32.12.3.rel1.win32_1.0.200.202406191623/tools/bin/../lib/gcc/arm-none-eabi/12.3.1/../../../../arm-none-eabi/lib/thumb/v7e-m+dp/hard\libc.a
LOAD E:/CubeIDE/STM32CubeIDE_1.16.1/STM32CubeIDE/plugins/com.st.stm32cube.ide.mcu.externaltools.gnu-tools-for-stm32.12.3.rel1.win32_1.0.200.202406191623/tools/bin/../lib/gcc/arm-none-eabi/12.3.1/../../../../arm-none-eabi/lib/thumb/v7e-m+dp/hard\libm.a
LOAD E:/CubeIDE/STM32CubeIDE_1.16.1/STM32CubeIDE/plugins/com.st.stm32cube.ide.mcu.externaltools.gnu-tools-for-stm32.12.3.rel1.win32_1.0.200.202406191623/tools/bin/../lib/gcc/arm-none-eabi/12.3.1/thumb/v7e-m+dp/hard\libgcc.a

.debug_info     0x00000000    0x2a632
 .debug_info    0x00000000     0x340c ./Core/Src/main.o
 .debug_info    0x0000340c      0xab8 ./Core/Src/motor_control.o
 .debug_info    0x00003ec4     0x2ddb ./Core/Src/stm32h7xx_hal_msp.o
 .debug_info    0x00006c9f     0x10af ./Core/Src/stm32h7xx_hal_timebase_tim.o
 .debug_info    0x00007d4e      0x82c ./Core/Src/stm32h7xx_it.o
 .debug_info    0x0000857a      0xcef ./Core/Src/system_stm32h7xx.o
 .debug_info    0x00009269       0x30 ./Core/Startup/startup_stm32h753zitx.o
 .debug_info    0x00009299     0x1541 ./Drivers/STM32H7xx_HAL_Driver/Src/stm32h7xx_hal.o
 .debug_info    0x0000a7da     0x10b2 ./Drivers/STM32H7xx_HAL_Driver/Src/stm32h7xx_hal_cortex.o
 .debug_info    0x0000b88c     0x2a30 ./Drivers/STM32H7xx_HAL_Driver/Src/stm32h7xx_hal_eth.o
 .debug_info    0x0000e2bc      0xc4b ./Drivers/STM32H7xx_HAL_Driver/Src/stm32h7xx_hal_gpio.o
 .debug_info    0x0000ef07     0x1561 ./Drivers/STM32H7xx_HAL_Driver/Src/stm32h7xx_hal_pcd.o
 .debug_info    0x00010468      0x8b3 ./Drivers/STM32H7xx_HAL_Driver/Src/stm32h7xx_hal_pcd_ex.o
 .debug_info    0x00010d1b     0x1008 ./Drivers/STM32H7xx_HAL_Driver/Src/stm32h7xx_hal_pwr_ex.o
 .debug_info    0x00011d23      0xe5b ./Drivers/STM32H7xx_HAL_Driver/Src/stm32h7xx_hal_rcc.o
 .debug_info    0x00012b7e     0x1216 ./Drivers/STM32H7xx_HAL_Driver/Src/stm32h7xx_hal_rcc_ex.o
 .debug_info    0x00013d94     0x2bae ./Drivers/STM32H7xx_HAL_Driver/Src/stm32h7xx_hal_tim.o
 .debug_info    0x00016942     0x17eb ./Drivers/STM32H7xx_HAL_Driver/Src/stm32h7xx_hal_tim_ex.o
 .debug_info    0x0001812d     0x4b13 ./Drivers/STM32H7xx_HAL_Driver/Src/stm32h7xx_hal_uart.o
 .debug_info    0x0001cc40      0xfbf ./Drivers/STM32H7xx_HAL_Driver/Src/stm32h7xx_hal_uart_ex.o
 .debug_info    0x0001dbff     0x1a1e ./Drivers/STM32H7xx_HAL_Driver/Src/stm32h7xx_ll_usb.o
 .debug_info    0x0001f61d     0x4429 ./Middlewares/Third_Party/FreeRTOS/Source/CMSIS_RTOS_V2/cmsis_os2.o
 .debug_info    0x00023a46      0x2af ./Middlewares/Third_Party/FreeRTOS/Source/list.o
 .debug_info    0x00023cf5     0x1b79 ./Middlewares/Third_Party/FreeRTOS/Source/queue.o
 .debug_info    0x0002586e     0x28c1 ./Middlewares/Third_Party/FreeRTOS/Source/tasks.o
 .debug_info    0x0002812f     0x1b50 ./Middlewares/Third_Party/FreeRTOS/Source/timers.o
 .debug_info    0x00029c7f      0x4de ./Middlewares/Third_Party/FreeRTOS/Source/portable/GCC/ARM_CM4F/port.o
 .debug_info    0x0002a15d      0x4d5 ./Middlewares/Third_Party/FreeRTOS/Source/portable/MemMang/heap_4.o

.debug_abbrev   0x00000000     0x48dd
 .debug_abbrev  0x00000000      0x357 ./Core/Src/main.o
 .debug_abbrev  0x00000357      0x20c ./Core/Src/motor_control.o
 .debug_abbrev  0x00000563      0x2cf ./Core/Src/stm32h7xx_hal_msp.o
 .debug_abbrev  0x00000832      0x212 ./Core/Src/stm32h7xx_hal_timebase_tim.o
 .debug_abbrev  0x00000a44      0x17f ./Core/Src/stm32h7xx_it.o
 .debug_abbrev  0x00000bc3      0x14c ./Core/Src/system_stm32h7xx.o
 .debug_abbrev  0x00000d0f       0x24 ./Core/Startup/startup_stm32h753zitx.o
 .debug_abbrev  0x00000d33      0x295 ./Drivers/STM32H7xx_HAL_Driver/Src/stm32h7xx_hal.o
 .debug_abbrev  0x00000fc8      0x339 ./Drivers/STM32H7xx_HAL_Driver/Src/stm32h7xx_hal_cortex.o
 .debug_abbrev  0x00001301      0x347 ./Drivers/STM32H7xx_HAL_Driver/Src/stm32h7xx_hal_eth.o
 .debug_abbrev  0x00001648      0x1fe ./Drivers/STM32H7xx_HAL_Driver/Src/stm32h7xx_hal_gpio.o
 .debug_abbrev  0x00001846      0x2dc ./Drivers/STM32H7xx_HAL_Driver/Src/stm32h7xx_hal_pcd.o
 .debug_abbrev  0x00001b22      0x256 ./Drivers/STM32H7xx_HAL_Driver/Src/stm32h7xx_hal_pcd_ex.o
 .debug_abbrev  0x00001d78      0x2a7 ./Drivers/STM32H7xx_HAL_Driver/Src/stm32h7xx_hal_pwr_ex.o
 .debug_abbrev  0x0000201f      0x2c8 ./Drivers/STM32H7xx_HAL_Driver/Src/stm32h7xx_hal_rcc.o
 .debug_abbrev  0x000022e7      0x269 ./Drivers/STM32H7xx_HAL_Driver/Src/stm32h7xx_hal_rcc_ex.o
 .debug_abbrev  0x00002550      0x276 ./Drivers/STM32H7xx_HAL_Driver/Src/stm32h7xx_hal_tim.o
 .debug_abbrev  0x000027c6      0x281 ./Drivers/STM32H7xx_HAL_Driver/Src/stm32h7xx_hal_tim_ex.o
 .debug_abbrev  0x00002a47      0x33d ./Drivers/STM32H7xx_HAL_Driver/Src/stm32h7xx_hal_uart.o
 .debug_abbrev  0x00002d84      0x2d2 ./Drivers/STM32H7xx_HAL_Driver/Src/stm32h7xx_hal_uart_ex.o
 .debug_abbrev  0x00003056      0x2b3 ./Drivers/STM32H7xx_HAL_Driver/Src/stm32h7xx_ll_usb.o
 .debug_abbrev  0x00003309      0x54a ./Middlewares/Third_Party/FreeRTOS/Source/CMSIS_RTOS_V2/cmsis_os2.o
 .debug_abbrev  0x00003853       0xf5 ./Middlewares/Third_Party/FreeRTOS/Source/list.o
 .debug_abbrev  0x00003948      0x3b6 ./Middlewares/Third_Party/FreeRTOS/Source/queue.o
 .debug_abbrev  0x00003cfe      0x3fe ./Middlewares/Third_Party/FreeRTOS/Source/tasks.o
 .debug_abbrev  0x000040fc      0x368 ./Middlewares/Third_Party/FreeRTOS/Source/timers.o
 .debug_abbrev  0x00004464      0x25c ./Middlewares/Third_Party/FreeRTOS/Source/portable/GCC/ARM_CM4F/port.o
 .debug_abbrev  0x000046c0      0x21d ./Middlewares/Third_Party/FreeRTOS/Source/portable/MemMang/heap_4.o

.debug_aranges  0x00000000     0x1da0
 .debug_aranges
                0x00000000       0x78 ./Core/Src/main.o
 .debug_aranges
                0x00000078       0x40 ./Core/Src/motor_control.o
 .debug_aranges
                0x000000b8       0x78 ./Core/Src/stm32h7xx_hal_msp.o
 .debug_aranges
                0x00000130       0x30 ./Core/Src/stm32h7xx_hal_timebase_tim.o
 .debug_aranges
                0x00000160       0x70 ./Core/Src/stm32h7xx_it.o
 .debug_aranges
                0x000001d0       0x28 ./Core/Src/system_stm32h7xx.o
 .debug_aranges
                0x000001f8       0x28 ./Core/Startup/startup_stm32h753zitx.o
 .debug_aranges
                0x00000220      0x198 ./Drivers/STM32H7xx_HAL_Driver/Src/stm32h7xx_hal.o
 .debug_aranges
                0x000003b8      0x130 ./Drivers/STM32H7xx_HAL_Driver/Src/stm32h7xx_hal_cortex.o
 .debug_aranges
                0x000004e8      0x1d8 ./Drivers/STM32H7xx_HAL_Driver/Src/stm32h7xx_hal_eth.o
 .debug_aranges
                0x000006c0       0x58 ./Drivers/STM32H7xx_HAL_Driver/Src/stm32h7xx_hal_gpio.o
 .debug_aranges
                0x00000718      0x140 ./Drivers/STM32H7xx_HAL_Driver/Src/stm32h7xx_hal_pcd.o
 .debug_aranges
                0x00000858       0x60 ./Drivers/STM32H7xx_HAL_Driver/Src/stm32h7xx_hal_pcd_ex.o
 .debug_aranges
                0x000008b8      0x158 ./Drivers/STM32H7xx_HAL_Driver/Src/stm32h7xx_hal_pwr_ex.o
 .debug_aranges
                0x00000a10       0x88 ./Drivers/STM32H7xx_HAL_Driver/Src/stm32h7xx_hal_rcc.o
 .debug_aranges
                0x00000a98       0xf8 ./Drivers/STM32H7xx_HAL_Driver/Src/stm32h7xx_hal_rcc_ex.o
 .debug_aranges
                0x00000b90      0x3e0 ./Drivers/STM32H7xx_HAL_Driver/Src/stm32h7xx_hal_tim.o
 .debug_aranges
                0x00000f70      0x188 ./Drivers/STM32H7xx_HAL_Driver/Src/stm32h7xx_hal_tim_ex.o
 .debug_aranges
                0x000010f8      0x248 ./Drivers/STM32H7xx_HAL_Driver/Src/stm32h7xx_hal_uart.o
 .debug_aranges
                0x00001340       0xa8 ./Drivers/STM32H7xx_HAL_Driver/Src/stm32h7xx_hal_uart_ex.o
 .debug_aranges
                0x000013e8      0x1a0 ./Drivers/STM32H7xx_HAL_Driver/Src/stm32h7xx_ll_usb.o
 .debug_aranges
                0x00001588      0x2b0 ./Middlewares/Third_Party/FreeRTOS/Source/CMSIS_RTOS_V2/cmsis_os2.o
 .debug_aranges
                0x00001838       0x40 ./Middlewares/Third_Party/FreeRTOS/Source/list.o
 .debug_aranges
                0x00001878      0x158 ./Middlewares/Third_Party/FreeRTOS/Source/queue.o
 .debug_aranges
                0x000019d0      0x208 ./Middlewares/Third_Party/FreeRTOS/Source/tasks.o
 .debug_aranges
                0x00001bd8       0xf0 ./Middlewares/Third_Party/FreeRTOS/Source/timers.o
 .debug_aranges
                0x00001cc8       0x80 ./Middlewares/Third_Party/FreeRTOS/Source/portable/GCC/ARM_CM4F/port.o
 .debug_aranges
                0x00001d48       0x58 ./Middlewares/Third_Party/FreeRTOS/Source/portable/MemMang/heap_4.o

.debug_rnglists
                0x00000000     0x1714
 .debug_rnglists
                0x00000000       0x5b ./Core/Src/main.o
 .debug_rnglists
                0x0000005b       0x2e ./Core/Src/motor_control.o
 .debug_rnglists
                0x00000089       0x5a ./Core/Src/stm32h7xx_hal_msp.o
 .debug_rnglists
                0x000000e3       0x20 ./Core/Src/stm32h7xx_hal_timebase_tim.o
 .debug_rnglists
                0x00000103       0x4f ./Core/Src/stm32h7xx_it.o
 .debug_rnglists
                0x00000152       0x1b ./Core/Src/system_stm32h7xx.o
 .debug_rnglists
                0x0000016d       0x19 ./Core/Startup/startup_stm32h753zitx.o
 .debug_rnglists
                0x00000186      0x131 ./Drivers/STM32H7xx_HAL_Driver/Src/stm32h7xx_hal.o
 .debug_rnglists
                0x000002b7       0xe0 ./Drivers/STM32H7xx_HAL_Driver/Src/stm32h7xx_hal_cortex.o
 .debug_rnglists
                0x00000397      0x176 ./Drivers/STM32H7xx_HAL_Driver/Src/stm32h7xx_hal_eth.o
 .debug_rnglists
                0x0000050d       0x3f ./Drivers/STM32H7xx_HAL_Driver/Src/stm32h7xx_hal_gpio.o
 .debug_rnglists
                0x0000054c       0xf4 ./Drivers/STM32H7xx_HAL_Driver/Src/stm32h7xx_hal_pcd.o
 .debug_rnglists
                0x00000640       0x45 ./Drivers/STM32H7xx_HAL_Driver/Src/stm32h7xx_hal_pcd_ex.o
 .debug_rnglists
                0x00000685      0x103 ./Drivers/STM32H7xx_HAL_Driver/Src/stm32h7xx_hal_pwr_ex.o
 .debug_rnglists
                0x00000788       0x68 ./Drivers/STM32H7xx_HAL_Driver/Src/stm32h7xx_hal_rcc.o
 .debug_rnglists
                0x000007f0       0xc0 ./Drivers/STM32H7xx_HAL_Driver/Src/stm32h7xx_hal_rcc_ex.o
 .debug_rnglists
                0x000008b0      0x328 ./Drivers/STM32H7xx_HAL_Driver/Src/stm32h7xx_hal_tim.o
 .debug_rnglists
                0x00000bd8      0x13f ./Drivers/STM32H7xx_HAL_Driver/Src/stm32h7xx_hal_tim_ex.o
 .debug_rnglists
                0x00000d17      0x1fa ./Drivers/STM32H7xx_HAL_Driver/Src/stm32h7xx_hal_uart.o
 .debug_rnglists
                0x00000f11       0x7f ./Drivers/STM32H7xx_HAL_Driver/Src/stm32h7xx_hal_uart_ex.o
 .debug_rnglists
                0x00000f90      0x147 ./Drivers/STM32H7xx_HAL_Driver/Src/stm32h7xx_ll_usb.o
 .debug_rnglists
                0x000010d7      0x212 ./Middlewares/Third_Party/FreeRTOS/Source/CMSIS_RTOS_V2/cmsis_os2.o
 .debug_rnglists
                0x000012e9       0x2b ./Middlewares/Third_Party/FreeRTOS/Source/list.o
 .debug_rnglists
                0x00001314      0x109 ./Middlewares/Third_Party/FreeRTOS/Source/queue.o
 .debug_rnglists
                0x0000141d      0x1a0 ./Middlewares/Third_Party/FreeRTOS/Source/tasks.o
 .debug_rnglists
                0x000015bd       0xb8 ./Middlewares/Third_Party/FreeRTOS/Source/timers.o
 .debug_rnglists
                0x00001675       0x5d ./Middlewares/Third_Party/FreeRTOS/Source/portable/GCC/ARM_CM4F/port.o
 .debug_rnglists
                0x000016d2       0x42 ./Middlewares/Third_Party/FreeRTOS/Source/portable/MemMang/heap_4.o

.debug_macro    0x00000000     0x5482
 .debug_macro   0x00000000      0x3cd ./Core/Src/main.o
 .debug_macro   0x000003cd       0x16 ./Core/Src/main.o
 .debug_macro   0x000003e3       0x20 ./Core/Src/main.o
 .debug_macro   0x00000403      0x16f ./Core/Src/main.o
 .debug_macro   0x00000572       0x16 ./Core/Src/main.o
 .debug_macro   0x00000588       0x66 ./Core/Src/main.o
 .debug_macro   0x000005ee       0x74 ./Core/Src/main.o
 .debug_macro   0x00000662       0xdd ./Core/Src/main.o
 .debug_macro   0x0000073f       0x22 ./Core/Src/main.o
 .debug_macro   0x00000761      0x327 ./Core/Src/motor_control.o
 .debug_macro   0x00000a88      0x2ee ./Core/Src/stm32h7xx_hal_msp.o
 .debug_macro   0x00000d76      0x2df ./Core/Src/stm32h7xx_hal_timebase_tim.o
 .debug_macro   0x00001055      0x2f8 ./Core/Src/stm32h7xx_it.o
 .debug_macro   0x0000134d      0x2df ./Core/Src/system_stm32h7xx.o
 .debug_macro   0x0000162c      0x309 ./Drivers/STM32H7xx_HAL_Driver/Src/stm32h7xx_hal.o
 .debug_macro   0x00001935      0x2df ./Drivers/STM32H7xx_HAL_Driver/Src/stm32h7xx_hal_cortex.o
 .debug_macro   0x00001c14      0x373 ./Drivers/STM32H7xx_HAL_Driver/Src/stm32h7xx_hal_eth.o
 .debug_macro   0x00001f87      0x2e6 ./Drivers/STM32H7xx_HAL_Driver/Src/stm32h7xx_hal_gpio.o
 .debug_macro   0x0000226d      0x2eb ./Drivers/STM32H7xx_HAL_Driver/Src/stm32h7xx_hal_pcd.o
 .debug_macro   0x00002558      0x2df ./Drivers/STM32H7xx_HAL_Driver/Src/stm32h7xx_hal_pcd_ex.o
 .debug_macro   0x00002837      0x318 ./Drivers/STM32H7xx_HAL_Driver/Src/stm32h7xx_hal_pwr_ex.o
 .debug_macro   0x00002b4f      0x303 ./Drivers/STM32H7xx_HAL_Driver/Src/stm32h7xx_hal_rcc.o
 .debug_macro   0x00002e52      0x2fd ./Drivers/STM32H7xx_HAL_Driver/Src/stm32h7xx_hal_rcc_ex.o
 .debug_macro   0x0000314f      0x2e0 ./Drivers/STM32H7xx_HAL_Driver/Src/stm32h7xx_hal_tim.o
 .debug_macro   0x0000342f      0x2df ./Drivers/STM32H7xx_HAL_Driver/Src/stm32h7xx_hal_tim_ex.o
 .debug_macro   0x0000370e      0x30a ./Drivers/STM32H7xx_HAL_Driver/Src/stm32h7xx_hal_uart.o
 .debug_macro   0x00003a18      0x2eb ./Drivers/STM32H7xx_HAL_Driver/Src/stm32h7xx_hal_uart_ex.o
 .debug_macro   0x00003d03      0x2df ./Drivers/STM32H7xx_HAL_Driver/Src/stm32h7xx_ll_usb.o
 .debug_macro   0x00003fe2      0x450 ./Middlewares/Third_Party/FreeRTOS/Source/CMSIS_RTOS_V2/cmsis_os2.o