../Core/Src/stm32h7xx_hal_msp.c:65:6:HAL_MspInit	8	static
../Core/Src/stm32h7xx_hal_msp.c:89:6:HAL_ETH_MspInit	64	static
../Core/Src/stm32h7xx_hal_msp.c:159:6:HAL_ETH_MspDeInit	8	static
../Core/Src/stm32h7xx_hal_msp.c:203:6:HAL_TIM_Encoder_MspInit	40	static
../Core/Src/stm32h7xx_hal_msp.c:249:6:HAL_TIM_Base_MspInit	8	static
../Core/Src/stm32h7xx_hal_msp.c:266:6:HAL_TIM_MspPostInit	32	static
../Core/Src/stm32h7xx_hal_msp.c:298:6:HAL_TIM_Encoder_MspDeInit	8	static
../Core/Src/stm32h7xx_hal_msp.c:332:6:HAL_TIM_Base_MspDeInit	0	static
../Core/Src/stm32h7xx_hal_msp.c:354:6:HAL_UART_MspInit	248	static
../Core/Src/stm32h7xx_hal_msp.c:443:6:HAL_UART_MspDeInit	8	static
../Core/Src/stm32h7xx_hal_msp.c:492:6:HAL_PCD_MspInit	240	static
../Core/Src/stm32h7xx_hal_msp.c:550:6:HAL_PCD_MspDeInit	0	static
