../Core/Src/main.c:125:5:main	8	static
../Core/Src/main.c:215:6:SystemClock_Config	120	static
../Core/Src/main.c:274:13:MX_ETH_Init	8	static
../Core/Src/main.c:323:13:MX_TIM1_Init	56	static
../Core/Src/main.c:374:13:MX_TIM3_Init	64	static
../Core/Src/main.c:433:13:MX_UART4_Init	8	static
../Core/Src/main.c:481:13:MX_USART3_UART_Init	8	static
../Core/Src/main.c:529:13:MX_USB_OTG_FS_PCD_Init	8	static
../Core/Src/main.c:565:13:MX_GPIO_Init	56	static
../Core/Src/main.c:647:6:StartDefaultTask	88	static
../Core/Src/main.c:688:6:StartTask02	16	static
../Core/Src/main.c:727:6:HAL_TIM_PeriodElapsedCallback	16	static
../Core/Src/main.c:744:6:Error_Handler	4	static,ignoring_inline_asm
