../Core/Src/main.c:139:8:accelerate_to_target_speed	24	static
../Core/Src/main.c:95:5:main	16	static
../Core/Src/main.c:154:8:decelerate_to_stop	24	static
../Core/Src/main.c:193:6:SystemClock_Config	120	static
../Core/Src/main.c:254:13:MX_ETH_Init	8	static
../Core/Src/main.c:303:13:MX_TIM3_Init	64	static
../Core/Src/main.c:363:13:MX_USART3_UART_Init	8	static
../Core/Src/main.c:411:13:MX_USB_OTG_FS_PCD_Init	8	static
../Core/Src/main.c:447:13:MX_GPIO_Init	56	static
../Core/Src/main.c:526:6:Error_Handler	4	static,ignoring_inline_asm
